Archive member included to satisfy reference by file (symbol)

c:/st/stm32cubeide_1.6.1/stm32cubeide/plugins/com.st.stm32cube.ide.mcu.externaltools.gnu-tools-for-stm32.9-2020-q2-update.win32_1.5.0.202011040924/tools/bin/../lib/gcc/arm-none-eabi/9.3.1/../../../../arm-none-eabi/lib/thumb/v7-m/nofp\libc_nano.a(lib_a-errno.o)
                              Core/Src/syscalls.o (__errno)
c:/st/stm32cubeide_1.6.1/stm32cubeide/plugins/com.st.stm32cube.ide.mcu.externaltools.gnu-tools-for-stm32.9-2020-q2-update.win32_1.5.0.202011040924/tools/bin/../lib/gcc/arm-none-eabi/9.3.1/../../../../arm-none-eabi/lib/thumb/v7-m/nofp\libc_nano.a(lib_a-exit.o)
                              c:/st/stm32cubeide_1.6.1/stm32cubeide/plugins/com.st.stm32cube.ide.mcu.externaltools.gnu-tools-for-stm32.9-2020-q2-update.win32_1.5.0.202011040924/tools/bin/../lib/gcc/arm-none-eabi/9.3.1/../../../../arm-none-eabi/lib/thumb/v7-m/nofp/crt0.o (exit)
c:/st/stm32cubeide_1.6.1/stm32cubeide/plugins/com.st.stm32cube.ide.mcu.externaltools.gnu-tools-for-stm32.9-2020-q2-update.win32_1.5.0.202011040924/tools/bin/../lib/gcc/arm-none-eabi/9.3.1/../../../../arm-none-eabi/lib/thumb/v7-m/nofp\libc_nano.a(lib_a-impure.o)
                              c:/st/stm32cubeide_1.6.1/stm32cubeide/plugins/com.st.stm32cube.ide.mcu.externaltools.gnu-tools-for-stm32.9-2020-q2-update.win32_1.5.0.202011040924/tools/bin/../lib/gcc/arm-none-eabi/9.3.1/../../../../arm-none-eabi/lib/thumb/v7-m/nofp\libc_nano.a(lib_a-exit.o) (_global_impure_ptr)
c:/st/stm32cubeide_1.6.1/stm32cubeide/plugins/com.st.stm32cube.ide.mcu.externaltools.gnu-tools-for-stm32.9-2020-q2-update.win32_1.5.0.202011040924/tools/bin/../lib/gcc/arm-none-eabi/9.3.1/../../../../arm-none-eabi/lib/thumb/v7-m/nofp\libc_nano.a(lib_a-init.o)
                              c:/st/stm32cubeide_1.6.1/stm32cubeide/plugins/com.st.stm32cube.ide.mcu.externaltools.gnu-tools-for-stm32.9-2020-q2-update.win32_1.5.0.202011040924/tools/bin/../lib/gcc/arm-none-eabi/9.3.1/../../../../arm-none-eabi/lib/thumb/v7-m/nofp/crt0.o (__libc_init_array)
c:/st/stm32cubeide_1.6.1/stm32cubeide/plugins/com.st.stm32cube.ide.mcu.externaltools.gnu-tools-for-stm32.9-2020-q2-update.win32_1.5.0.202011040924/tools/bin/../lib/gcc/arm-none-eabi/9.3.1/../../../../arm-none-eabi/lib/thumb/v7-m/nofp\libc_nano.a(lib_a-memset.o)
                              c:/st/stm32cubeide_1.6.1/stm32cubeide/plugins/com.st.stm32cube.ide.mcu.externaltools.gnu-tools-for-stm32.9-2020-q2-update.win32_1.5.0.202011040924/tools/bin/../lib/gcc/arm-none-eabi/9.3.1/../../../../arm-none-eabi/lib/thumb/v7-m/nofp/crt0.o (memset)

Allocating common symbols
Common symbol       size              file

hUsbDeviceFS        0x2c4             USB_DEVICE/App/usb_device.o
hcan                0x28              Core/Src/main.o
uwTick              0x4               Drivers/STM32F1xx_HAL_Driver/Src/stm32f1xx_hal.o
pFlash              0x20              Drivers/STM32F1xx_HAL_Driver/Src/stm32f1xx_hal_flash.o
UserRxBufferFS      0x3e8             USB_DEVICE/App/usbd_cdc_if.o
UserTxBufferFS      0x3e8             USB_DEVICE/App/usbd_cdc_if.o
htim2               0x48              Core/Src/main.o
hpcd_USB_FS         0x2ec             USB_DEVICE/Target/usbd_conf.o
USBD_StrDesc        0x200             USB_DEVICE/App/usbd_desc.o

Discarded input sections

 .text          0x0000000000000000        0x0 c:/st/stm32cubeide_1.6.1/stm32cubeide/plugins/com.st.stm32cube.ide.mcu.externaltools.gnu-tools-for-stm32.9-2020-q2-update.win32_1.5.0.202011040924/tools/bin/../lib/gcc/arm-none-eabi/9.3.1/thumb/v7-m/nofp/crti.o
 .data          0x0000000000000000        0x0 c:/st/stm32cubeide_1.6.1/stm32cubeide/plugins/com.st.stm32cube.ide.mcu.externaltools.gnu-tools-for-stm32.9-2020-q2-update.win32_1.5.0.202011040924/tools/bin/../lib/gcc/arm-none-eabi/9.3.1/thumb/v7-m/nofp/crti.o
 .bss           0x0000000000000000        0x0 c:/st/stm32cubeide_1.6.1/stm32cubeide/plugins/com.st.stm32cube.ide.mcu.externaltools.gnu-tools-for-stm32.9-2020-q2-update.win32_1.5.0.202011040924/tools/bin/../lib/gcc/arm-none-eabi/9.3.1/thumb/v7-m/nofp/crti.o
 .data          0x0000000000000000        0x4 c:/st/stm32cubeide_1.6.1/stm32cubeide/plugins/com.st.stm32cube.ide.mcu.externaltools.gnu-tools-for-stm32.9-2020-q2-update.win32_1.5.0.202011040924/tools/bin/../lib/gcc/arm-none-eabi/9.3.1/thumb/v7-m/nofp/crtbegin.o
 .text          0x0000000000000000       0x7c c:/st/stm32cubeide_1.6.1/stm32cubeide/plugins/com.st.stm32cube.ide.mcu.externaltools.gnu-tools-for-stm32.9-2020-q2-update.win32_1.5.0.202011040924/tools/bin/../lib/gcc/arm-none-eabi/9.3.1/../../../../arm-none-eabi/lib/thumb/v7-m/nofp/crt0.o
 .data          0x0000000000000000        0x0 c:/st/stm32cubeide_1.6.1/stm32cubeide/plugins/com.st.stm32cube.ide.mcu.externaltools.gnu-tools-for-stm32.9-2020-q2-update.win32_1.5.0.202011040924/tools/bin/../lib/gcc/arm-none-eabi/9.3.1/../../../../arm-none-eabi/lib/thumb/v7-m/nofp/crt0.o
[...]
Memory Configuration

Name             Origin             Length             Attributes
RAM              0x0000000020000000 0x0000000000005000 xrw
FLASH            0x0000000008000000 0x0000000000010000 xr
*default*        0x0000000000000000 0xffffffffffffffff

Linker script and memory map

LOAD c:/st/stm32cubeide_1.6.1/stm32cubeide/plugins/com.st.stm32cube.ide.mcu.externaltools.gnu-tools-for-stm32.9-2020-q2-update.win32_1.5.0.202011040924/tools/bin/../lib/gcc/arm-none-eabi/9.3.1/thumb/v7-m/nofp/crti.o
LOAD c:/st/stm32cubeide_1.6.1/stm32cubeide/plugins/com.st.stm32cube.ide.mcu.externaltools.gnu-tools-for-stm32.9-2020-q2-update.win32_1.5.0.202011040924/tools/bin/../lib/gcc/arm-none-eabi/9.3.1/thumb/v7-m/nofp/crtbegin.o
LOAD c:/st/stm32cubeide_1.6.1/stm32cubeide/plugins/com.st.stm32cube.ide.mcu.externaltools.gnu-tools-for-stm32.9-2020-q2-update.win32_1.5.0.202011040924/tools/bin/../lib/gcc/arm-none-eabi/9.3.1/../../../../arm-none-eabi/lib/thumb/v7-m/nofp/crt0.o
LOAD Core/Src/Afficheur.o
LOAD Core/Src/main.o
LOAD Core/Src/sensor.o
LOAD Core/Src/stm32f1xx_hal_msp.o
LOAD Core/Src/stm32f1xx_it.o
LOAD Core/Src/syscalls.o
LOAD Core/Src/sysmem.o
LOAD Core/Src/system_stm32f1xx.o
LOAD Core/Startup/startup_stm32f103c8tx.o
LOAD Drivers/STM32F1xx_HAL_Driver/Src/stm32f1xx_hal.o
LOAD Drivers/STM32F1xx_HAL_Driver/Src/stm32f1xx_hal_can.o
LOAD Drivers/STM32F1xx_HAL_Driver/Src/stm32f1xx_hal_cortex.o
LOAD Drivers/STM32F1xx_HAL_Driver/Src/stm32f1xx_hal_dma.o
LOAD Drivers/STM32F1xx_HAL_Driver/Src/stm32f1xx_hal_exti.o
LOAD Drivers/STM32F1xx_HAL_Driver/Src/stm32f1xx_hal_flash.o
LOAD Drivers/STM32F1xx_HAL_Driver/Src/stm32f1xx_hal_flash_ex.o
LOAD Drivers/STM32F1xx_HAL_Driver/Src/stm32f1xx_hal_gpio.o
LOAD Drivers/STM32F1xx_HAL_Driver/Src/stm32f1xx_hal_gpio_ex.o
LOAD Drivers/STM32F1xx_HAL_Driver/Src/stm32f1xx_hal_pcd.o
LOAD Drivers/STM32F1xx_HAL_Driver/Src/stm32f1xx_hal_pcd_ex.o
LOAD Drivers/STM32F1xx_HAL_Driver/Src/stm32f1xx_hal_pwr.o
LOAD Drivers/STM32F1xx_HAL_Driver/Src/stm32f1xx_hal_rcc.o
LOAD Drivers/STM32F1xx_HAL_Driver/Src/stm32f1xx_hal_rcc_ex.o
LOAD Drivers/STM32F1xx_HAL_Driver/Src/stm32f1xx_hal_tim.o
LOAD Drivers/STM32F1xx_HAL_Driver/Src/stm32f1xx_hal_tim_ex.o
LOAD Drivers/STM32F1xx_HAL_Driver/Src/stm32f1xx_ll_usb.o
LOAD Middlewares/ST/STM32_USB_Device_Library/Class/CDC/Src/usbd_cdc.o
LOAD Middlewares/ST/STM32_USB_Device_Library/Core/Src/usbd_core.o
LOAD Middlewares/ST/STM32_USB_Device_Library/Core/Src/usbd_ctlreq.o
LOAD Middlewares/ST/STM32_USB_Device_Library/Core/Src/usbd_ioreq.o
LOAD USB_DEVICE/App/usb_device.o
LOAD USB_DEVICE/App/usbd_cdc_if.o
LOAD USB_DEVICE/App/usbd_desc.o
LOAD USB_DEVICE/Target/usbd_conf.o
START GROUP
LOAD c:/st/stm32cubeide_1.6.1/stm32cubeide/plugins/com.st.stm32cube.ide.mcu.externaltools.gnu-tools-for-stm32.9-2020-q2-update.win32_1.5.0.202011040924/tools/bin/../lib/gcc/arm-none-eabi/9.3.1/../../../../arm-none-eabi/lib/thumb/v7-m/nofp\libc_nano.a
LOAD c:/st/stm32cubeide_1.6.1/stm32cubeide/plugins/com.st.stm32cube.ide.mcu.externaltools.gnu-tools-for-stm32.9-2020-q2-update.win32_1.5.0.202011040924/tools/bin/../lib/gcc/arm-none-eabi/9.3.1/../../../../arm-none-eabi/lib/thumb/v7-m/nofp\libm.a
END GROUP
START GROUP
LOAD c:/st/stm32cubeide_1.6.1/stm32cubeide/plugins/com.st.stm32cube.ide.mcu.externaltools.gnu-tools-for-stm32.9-2020-q2-update.win32_1.5.0.202011040924/tools/bin/../lib/gcc/arm-none-eabi/9.3.1/thumb/v7-m/nofp\libgcc.a
LOAD c:/st/stm32cubeide_1.6.1/stm32cubeide/plugins/com.st.stm32cube.ide.mcu.externaltools.gnu-tools-for-stm32.9-2020-q2-update.win32_1.5.0.202011040924/tools/bin/../lib/gcc/arm-none-eabi/9.3.1/../../../../arm-none-eabi/lib/thumb/v7-m/nofp\libc_nano.a
END GROUP
START GROUP
LOAD c:/st/stm32cubeide_1.6.1/stm32cubeide/plugins/com.st.stm32cube.ide.mcu.externaltools.gnu-tools-for-stm32.9-2020-q2-update.win32_1.5.0.202011040924/tools/bin/../lib/gcc/arm-none-eabi/9.3.1/thumb/v7-m/nofp\libgcc.a
LOAD c:/st/stm32cubeide_1.6.1/stm32cubeide/plugins/com.st.stm32cube.ide.mcu.externaltools.gnu-tools-for-stm32.9-2020-q2-update.win32_1.5.0.202011040924/tools/bin/../lib/gcc/arm-none-eabi/9.3.1/../../../../arm-none-eabi/lib/thumb/v7-m/nofp\libc_nano.a
LOAD c:/st/stm32cubeide_1.6.1/stm32cubeide/plugins/com.st.stm32cube.ide.mcu.externaltools.gnu-tools-for-stm32.9-2020-q2-update.win32_1.5.0.202011040924/tools/bin/../lib/gcc/arm-none-eabi/9.3.1/../../../../arm-none-eabi/lib/thumb/v7-m/nofp\libnosys.a
END GROUP
START GROUP
LOAD c:/st/stm32cubeide_1.6.1/stm32cubeide/plugins/com.st.stm32cube.ide.mcu.externaltools.gnu-tools-for-stm32.9-2020-q2-update.win32_1.5.0.202011040924/tools/bin/../lib/gcc/arm-none-eabi/9.3.1/thumb/v7-m/nofp\libgcc.a
LOAD c:/st/stm32cubeide_1.6.1/stm32cubeide/plugins/com.st.stm32cube.ide.mcu.externaltools.gnu-tools-for-stm32.9-2020-q2-update.win32_1.5.0.202011040924/tools/bin/../lib/gcc/arm-none-eabi/9.3.1/../../../../arm-none-eabi/lib/thumb/v7-m/nofp\libc_nano.a
LOAD c:/st/stm32cubeide_1.6.1/stm32cubeide/plugins/com.st.stm32cube.ide.mcu.externaltools.gnu-tools-for-stm32.9-2020-q2-update.win32_1.5.0.202011040924/tools/bin/../lib/gcc/arm-none-eabi/9.3.1/../../../../arm-none-eabi/lib/thumb/v7-m/nofp\libnosys.a
END GROUP
LOAD c:/st/stm32cubeide_1.6.1/stm32cubeide/plugins/com.st.stm32cube.ide.mcu.externaltools.gnu-tools-for-stm32.9-2020-q2-update.win32_1.5.0.202011040924/tools/bin/../lib/gcc/arm-none-eabi/9.3.1/thumb/v7-m/nofp/crtend.o
LOAD c:/st/stm32cubeide_1.6.1/stm32cubeide/plugins/com.st.stm32cube.ide.mcu.externaltools.gnu-tools-for-stm32.9-2020-q2-update.win32_1.5.0.202011040924/tools/bin/../lib/gcc/arm-none-eabi/9.3.1/thumb/v7-m/nofp/crtn.o
                0x0000000020005000                _estack = (ORIGIN (RAM) + LENGTH (RAM))
                0x0000000000000200                _Min_Heap_Size = 0x200
                0x0000000000000400                _Min_Stack_Size = 0x400

.isr_vector     0x0000000008000000      0x10c
                0x0000000008000000                . = ALIGN (0x4)
 *(.isr_vector)
 .isr_vector    0x0000000008000000      0x10c Core/Startup/startup_stm32f103c8tx.o
                0x0000000008000000                g_pfnVectors
                0x000000000800010c                . = ALIGN (0x4)

.text           0x000000000800010c     0x7fa4
                0x000000000800010c                . = ALIGN (0x4)
 *(.text)
 .text          0x000000000800010c       0x40 c:/st/stm32cubeide_1.6.1/stm32cubeide/plugins/com.st.stm32cube.ide.mcu.externaltools.gnu-tools-for-stm32.9-2020-q2-update.win32_1.5.0.202011040924/tools/bin/../lib/gcc/arm-none-eabi/9.3.1/thumb/v7-m/nofp/crtbegin.o
 *(.text*)
 .text.affiche_dec
                0x000000000800014c       0x54 Core/Src/Afficheur.o
                0x000000000800014c                affiche_dec
 .text.show_tens
                0x00000000080001a0      0x31c Core/Src/Afficheur.o
                0x00000000080001a0                show_tens
 .text.show_ones
                0x00000000080004bc      0x31c Core/Src/Afficheur.o
                0x00000000080004bc                show_ones
 .text.show_error
                0x00000000080007d8       0x54 Core/Src/Afficheur.o
                0x00000000080007d8                show_error
 .text.main     0x000000000800082c       0x44 Core/Src/main.o
                0x000000000800082c                main
 .text.SystemClock_Config
                0x0000000008000870       0xb6 Core/Src/main.o
                0x0000000008000870                SystemClock_Config
 *fill*         0x0000000008000926        0x2 
 .text.MX_CAN_Init
                0x0000000008000928       0x68 Core/Src/main.o
 .text.MX_TIM2_Init
                0x0000000008000990       0x98 Core/Src/main.o
 .text.MX_GPIO_Init
                0x0000000008000a28       0xf4 Core/Src/main.o
 .text.Error_Handler
                0x0000000008000b1c        0xa Core/Src/main.o
                0x0000000008000b1c                Error_Handler
 *fill*         0x0000000008000b26        0x2 
 .text.HAL_MspInit
                0x0000000008000b28       0x64 Core/Src/stm32f1xx_hal_msp.o
                0x0000000008000b28                HAL_MspInit
 .text.HAL_CAN_MspInit
                0x0000000008000b8c       0xd0 Core/Src/stm32f1xx_hal_msp.o
                0x0000000008000b8c                HAL_CAN_MspInit
 .text.HAL_TIM_Base_MspInit
                0x0000000008000c5c       0x38 Core/Src/stm32f1xx_hal_msp.o
                0x0000000008000c5c                HAL_TIM_Base_MspInit
 .text.NMI_Handler
                0x0000000008000c94        0x6 Core/Src/stm32f1xx_it.o
                0x0000000008000c94                NMI_Handler
 .text.HardFault_Handler
                0x0000000008000c9a        0x6 Core/Src/stm32f1xx_it.o
                0x0000000008000c9a                HardFault_Handler
 .text.MemManage_Handler
                0x0000000008000ca0        0x6 Core/Src/stm32f1xx_it.o
                0x0000000008000ca0                MemManage_Handler
 .text.BusFault_Handler
                0x0000000008000ca6        0x6 Core/Src/stm32f1xx_it.o
                0x0000000008000ca6                BusFault_Handler
 .text.UsageFault_Handler
                0x0000000008000cac        0x6 Core/Src/stm32f1xx_it.o
                0x0000000008000cac                UsageFault_Handler
 .text.SVC_Handler
                0x0000000008000cb2        0xc Core/Src/stm32f1xx_it.o
                0x0000000008000cb2                SVC_Handler
 .text.DebugMon_Handler
                0x0000000008000cbe        0xc Core/Src/stm32f1xx_it.o
                0x0000000008000cbe                DebugMon_Handler
 .text.PendSV_Handler
                0x0000000008000cca        0xc Core/Src/stm32f1xx_it.o
                0x0000000008000cca                PendSV_Handler
 .text.SysTick_Handler
                0x0000000008000cd6        0xc Core/Src/stm32f1xx_it.o
                0x0000000008000cd6                SysTick_Handler
 *fill*         0x0000000008000ce2        0x2 
 .text.USB_LP_CAN1_RX0_IRQHandler
                0x0000000008000ce4       0x1c Core/Src/stm32f1xx_it.o
                0x0000000008000ce4                USB_LP_CAN1_RX0_IRQHandler
 .text.SystemInit
                0x0000000008000d00        0xc Core/Src/system_stm32f1xx.o
                0x0000000008000d00                SystemInit
 .text.Reset_Handler
                0x0000000008000d0c       0x48 Core/Startup/startup_stm32f103c8tx.o
                0x0000000008000d0c                Reset_Handler
 .text.Default_Handler
                0x0000000008000d54        0x2 Core/Startup/startup_stm32f103c8tx.o
                0x0000000008000d54                RTC_Alarm_IRQHandler
                0x0000000008000d54                EXTI2_IRQHandler
                0x0000000008000d54                TIM1_CC_IRQHandler
                0x0000000008000d54                PVD_IRQHandler
                0x0000000008000d54                EXTI3_IRQHandler
                0x0000000008000d54                EXTI0_IRQHandler
                0x0000000008000d54                I2C2_EV_IRQHandler
                0x0000000008000d54                ADC1_2_IRQHandler
                0x0000000008000d54                SPI1_IRQHandler
                0x0000000008000d54                TAMPER_IRQHandler
                0x0000000008000d54                DMA1_Channel4_IRQHandler
                0x0000000008000d54                USART3_IRQHandler
                0x0000000008000d54                RTC_IRQHandler
                0x0000000008000d54                DMA1_Channel7_IRQHandler
                0x0000000008000d54                CAN1_RX1_IRQHandler
                0x0000000008000d54                TIM4_IRQHandler
                0x0000000008000d54                I2C1_EV_IRQHandler
                0x0000000008000d54                DMA1_Channel6_IRQHandler
                0x0000000008000d54                TIM3_IRQHandler
                0x0000000008000d54                RCC_IRQHandler
                0x0000000008000d54                TIM1_TRG_COM_IRQHandler
                0x0000000008000d54                DMA1_Channel1_IRQHandler
                0x0000000008000d54                Default_Handler
                0x0000000008000d54                EXTI15_10_IRQHandler
                0x0000000008000d54                EXTI9_5_IRQHandler
                0x0000000008000d54                SPI2_IRQHandler
                0x0000000008000d54                DMA1_Channel5_IRQHandler
                0x0000000008000d54                EXTI4_IRQHandler
                0x0000000008000d54                USB_HP_CAN1_TX_IRQHandler
                0x0000000008000d54                DMA1_Channel3_IRQHandler
                0x0000000008000d54                TIM1_UP_IRQHandler
                0x0000000008000d54                WWDG_IRQHandler
                0x0000000008000d54                TIM2_IRQHandler
                0x0000000008000d54                TIM1_BRK_IRQHandler
                0x0000000008000d54                EXTI1_IRQHandler
                0x0000000008000d54                USART2_IRQHandler
                0x0000000008000d54                I2C2_ER_IRQHandler
                0x0000000008000d54                DMA1_Channel2_IRQHandler
                0x0000000008000d54                CAN1_SCE_IRQHandler
                0x0000000008000d54                FLASH_IRQHandler
                0x0000000008000d54                USART1_IRQHandler
                0x0000000008000d54                I2C1_ER_IRQHandler
                0x0000000008000d54                USBWakeUp_IRQHandler
 *fill*         0x0000000008000d56        0x2 
 .text.HAL_Init
                0x0000000008000d58       0x2c Drivers/STM32F1xx_HAL_Driver/Src/stm32f1xx_hal.o
                0x0000000008000d58                HAL_Init
 .text.HAL_InitTick
                0x0000000008000d84       0x60 Drivers/STM32F1xx_HAL_Driver/Src/stm32f1xx_hal.o
                0x0000000008000d84                HAL_InitTick
 .text.HAL_IncTick
                0x0000000008000de4       0x24 Drivers/STM32F1xx_HAL_Driver/Src/stm32f1xx_hal.o
                0x0000000008000de4                HAL_IncTick
 .text.HAL_GetTick
                0x0000000008000e08       0x14 Drivers/STM32F1xx_HAL_Driver/Src/stm32f1xx_hal.o
                0x0000000008000e08                HAL_GetTick
 .text.HAL_Delay
                0x0000000008000e1c       0x48 Drivers/STM32F1xx_HAL_Driver/Src/stm32f1xx_hal.o
                0x0000000008000e1c                HAL_Delay
 .text.HAL_CAN_Init
                0x0000000008000e64      0x1f6 Drivers/STM32F1xx_HAL_Driver/Src/stm32f1xx_hal_can.o
                0x0000000008000e64                HAL_CAN_Init
 .text.HAL_CAN_IRQHandler
                0x000000000800105a      0x36e Drivers/STM32F1xx_HAL_Driver/Src/stm32f1xx_hal_can.o
                0x000000000800105a                HAL_CAN_IRQHandler
 .text.HAL_CAN_TxMailbox0CompleteCallback
                0x00000000080013c8       0x12 Drivers/STM32F1xx_HAL_Driver/Src/stm32f1xx_hal_can.o
                0x00000000080013c8                HAL_CAN_TxMailbox0CompleteCallback
 .text.HAL_CAN_TxMailbox1CompleteCallback
                0x00000000080013da       0x12 Drivers/STM32F1xx_HAL_Driver/Src/stm32f1xx_hal_can.o
                0x00000000080013da                HAL_CAN_TxMailbox1CompleteCallback
 .text.HAL_CAN_TxMailbox2CompleteCallback
                0x00000000080013ec       0x12 Drivers/STM32F1xx_HAL_Driver/Src/stm32f1xx_hal_can.o
                0x00000000080013ec                HAL_CAN_TxMailbox2CompleteCallback
 .text.HAL_CAN_TxMailbox0AbortCallback
                0x00000000080013fe       0x12 Drivers/STM32F1xx_HAL_Driver/Src/stm32f1xx_hal_can.o
                0x00000000080013fe                HAL_CAN_TxMailbox0AbortCallback
 .text.HAL_CAN_TxMailbox1AbortCallback
                0x0000000008001410       0x12 Drivers/STM32F1xx_HAL_Driver/Src/stm32f1xx_hal_can.o
                0x0000000008001410                HAL_CAN_TxMailbox1AbortCallback
 .text.HAL_CAN_TxMailbox2AbortCallback
                0x0000000008001422       0x12 Drivers/STM32F1xx_HAL_Driver/Src/stm32f1xx_hal_can.o
                0x0000000008001422                HAL_CAN_TxMailbox2AbortCallback
 .text.HAL_CAN_RxFifo0MsgPendingCallback
                0x0000000008001434       0x12 Drivers/STM32F1xx_HAL_Driver/Src/stm32f1xx_hal_can.o
                0x0000000008001434                HAL_CAN_RxFifo0MsgPendingCallback
 .text.HAL_CAN_RxFifo0FullCallback
                0x0000000008001446       0x12 Drivers/STM32F1xx_HAL_Driver/Src/stm32f1xx_hal_can.o
                0x0000000008001446                HAL_CAN_RxFifo0FullCallback
 .text.HAL_CAN_RxFifo1MsgPendingCallback
                0x0000000008001458       0x12 Drivers/STM32F1xx_HAL_Driver/Src/stm32f1xx_hal_can.o
                0x0000000008001458                HAL_CAN_RxFifo1MsgPendingCallback
 .text.HAL_CAN_RxFifo1FullCallback
                0x000000000800146a       0x12 Drivers/STM32F1xx_HAL_Driver/Src/stm32f1xx_hal_can.o
                0x000000000800146a                HAL_CAN_RxFifo1FullCallback
 .text.HAL_CAN_SleepCallback
                0x000000000800147c       0x12 Drivers/STM32F1xx_HAL_Driver/Src/stm32f1xx_hal_can.o
                0x000000000800147c                HAL_CAN_SleepCallback
 .text.HAL_CAN_WakeUpFromRxMsgCallback
                0x000000000800148e       0x12 Drivers/STM32F1xx_HAL_Driver/Src/stm32f1xx_hal_can.o
                0x000000000800148e                HAL_CAN_WakeUpFromRxMsgCallback
 .text.HAL_CAN_ErrorCallback
                0x00000000080014a0       0x12 Drivers/STM32F1xx_HAL_Driver/Src/stm32f1xx_hal_can.o
                0x00000000080014a0                HAL_CAN_ErrorCallback
 *fill*         0x00000000080014b2        0x2 
 .text.__NVIC_SetPriorityGrouping
                0x00000000080014b4       0x48 Drivers/STM32F1xx_HAL_Driver/Src/stm32f1xx_hal_cortex.o
 .text.__NVIC_GetPriorityGrouping
                0x00000000080014fc       0x1c Drivers/STM32F1xx_HAL_Driver/Src/stm32f1xx_hal_cortex.o
 .text.__NVIC_EnableIRQ
                0x0000000008001518       0x38 Drivers/STM32F1xx_HAL_Driver/Src/stm32f1xx_hal_cortex.o
 .text.__NVIC_SetPriority
                0x0000000008001550       0x54 Drivers/STM32F1xx_HAL_Driver/Src/stm32f1xx_hal_cortex.o
 .text.NVIC_EncodePriority
                0x00000000080015a4       0x64 Drivers/STM32F1xx_HAL_Driver/Src/stm32f1xx_hal_cortex.o
 .text.SysTick_Config
                0x0000000008001608       0x44 Drivers/STM32F1xx_HAL_Driver/Src/stm32f1xx_hal_cortex.o
 .text.HAL_NVIC_SetPriorityGrouping
                0x000000000800164c       0x16 Drivers/STM32F1xx_HAL_Driver/Src/stm32f1xx_hal_cortex.o
                0x000000000800164c                HAL_NVIC_SetPriorityGrouping
 .text.HAL_NVIC_SetPriority
                0x0000000008001662       0x38 Drivers/STM32F1xx_HAL_Driver/Src/stm32f1xx_hal_cortex.o
                0x0000000008001662                HAL_NVIC_SetPriority
 .text.HAL_NVIC_EnableIRQ
                0x000000000800169a       0x1c Drivers/STM32F1xx_HAL_Driver/Src/stm32f1xx_hal_cortex.o
                0x000000000800169a                HAL_NVIC_EnableIRQ
 .text.HAL_SYSTICK_Config
                0x00000000080016b6       0x18 Drivers/STM32F1xx_HAL_Driver/Src/stm32f1xx_hal_cortex.o
                0x00000000080016b6                HAL_SYSTICK_Config
 *fill*         0x00000000080016ce        0x2 
 .text.HAL_GPIO_Init
                0x00000000080016d0      0x308 Drivers/STM32F1xx_HAL_Driver/Src/stm32f1xx_hal_gpio.o
                0x00000000080016d0                HAL_GPIO_Init
 .text.HAL_GPIO_WritePin
                0x00000000080019d8       0x30 Drivers/STM32F1xx_HAL_Driver/Src/stm32f1xx_hal_gpio.o
                0x00000000080019d8                HAL_GPIO_WritePin
 .text.HAL_GPIO_TogglePin
                0x0000000008001a08       0x32 Drivers/STM32F1xx_HAL_Driver/Src/stm32f1xx_hal_gpio.o
                0x0000000008001a08                HAL_GPIO_TogglePin
 .text.HAL_PCD_Init
                0x0000000008001a3a      0x216 Drivers/STM32F1xx_HAL_Driver/Src/stm32f1xx_hal_pcd.o
                0x0000000008001a3a                HAL_PCD_Init
 .text.HAL_PCD_Start
                0x0000000008001c50       0x4c Drivers/STM32F1xx_HAL_Driver/Src/stm32f1xx_hal_pcd.o
                0x0000000008001c50                HAL_PCD_Start
 .text.HAL_PCD_IRQHandler
                0x0000000008001c9c      0x2aa Drivers/STM32F1xx_HAL_Driver/Src/stm32f1xx_hal_pcd.o
                0x0000000008001c9c                HAL_PCD_IRQHandler
 .text.HAL_PCD_SetAddress
                0x0000000008001f46       0x4a Drivers/STM32F1xx_HAL_Driver/Src/stm32f1xx_hal_pcd.o
                0x0000000008001f46                HAL_PCD_SetAddress
 .text.HAL_PCD_EP_Open
                0x0000000008001f90       0xcc Drivers/STM32F1xx_HAL_Driver/Src/stm32f1xx_hal_pcd.o
                0x0000000008001f90                HAL_PCD_EP_Open
 .text.HAL_PCD_EP_Close
                0x000000000800205c       0x90 Drivers/STM32F1xx_HAL_Driver/Src/stm32f1xx_hal_pcd.o
                0x000000000800205c                HAL_PCD_EP_Close
 .text.HAL_PCD_EP_Receive
                0x00000000080020ec       0x7a Drivers/STM32F1xx_HAL_Driver/Src/stm32f1xx_hal_pcd.o
                0x00000000080020ec                HAL_PCD_EP_Receive
 .text.HAL_PCD_EP_GetRxCount
                0x0000000008002166       0x2e Drivers/STM32F1xx_HAL_Driver/Src/stm32f1xx_hal_pcd.o
                0x0000000008002166                HAL_PCD_EP_GetRxCount
 .text.HAL_PCD_EP_Transmit
                0x0000000008002194       0x86 Drivers/STM32F1xx_HAL_Driver/Src/stm32f1xx_hal_pcd.o
                0x0000000008002194                HAL_PCD_EP_Transmit
 .text.HAL_PCD_EP_SetStall
                0x000000000800221a       0xc0 Drivers/STM32F1xx_HAL_Driver/Src/stm32f1xx_hal_pcd.o
                0x000000000800221a                HAL_PCD_EP_SetStall
 .text.HAL_PCD_EP_ClrStall
                0x00000000080022da       0xa8 Drivers/STM32F1xx_HAL_Driver/Src/stm32f1xx_hal_pcd.o
                0x00000000080022da                HAL_PCD_EP_ClrStall
 .text.PCD_EP_ISR_Handler
                0x0000000008002382      0x5e6 Drivers/STM32F1xx_HAL_Driver/Src/stm32f1xx_hal_pcd.o
 .text.HAL_PCD_EP_DB_Receive
                0x0000000008002968      0x21a Drivers/STM32F1xx_HAL_Driver/Src/stm32f1xx_hal_pcd.o
 .text.HAL_PCD_EP_DB_Transmit
                0x0000000008002b82      0x556 Drivers/STM32F1xx_HAL_Driver/Src/stm32f1xx_hal_pcd.o
 .text.HAL_PCDEx_PMAConfig
                0x00000000080030d8       0x84 Drivers/STM32F1xx_HAL_Driver/Src/stm32f1xx_hal_pcd_ex.o
                0x00000000080030d8                HAL_PCDEx_PMAConfig
 .text.HAL_RCC_OscConfig
                0x000000000800315c      0x500 Drivers/STM32F1xx_HAL_Driver/Src/stm32f1xx_hal_rcc.o
                0x000000000800315c                HAL_RCC_OscConfig
 .text.HAL_RCC_ClockConfig
                0x000000000800365c      0x1d4 Drivers/STM32F1xx_HAL_Driver/Src/stm32f1xx_hal_rcc.o
                0x000000000800365c                HAL_RCC_ClockConfig
 .text.HAL_RCC_GetSysClockFreq
                0x0000000008003830       0xc0 Drivers/STM32F1xx_HAL_Driver/Src/stm32f1xx_hal_rcc.o
                0x0000000008003830                HAL_RCC_GetSysClockFreq
 .text.RCC_Delay
                0x00000000080038f0       0x3c Drivers/STM32F1xx_HAL_Driver/Src/stm32f1xx_hal_rcc.o
 .text.HAL_RCCEx_PeriphCLKConfig
                0x000000000800392c      0x16c Drivers/STM32F1xx_HAL_Driver/Src/stm32f1xx_hal_rcc_ex.o
                0x000000000800392c                HAL_RCCEx_PeriphCLKConfig
 .text.HAL_TIM_Base_Init
                0x0000000008003a98       0x9e Drivers/STM32F1xx_HAL_Driver/Src/stm32f1xx_hal_tim.o
                0x0000000008003a98                HAL_TIM_Base_Init
 .text.HAL_TIM_ConfigClockSource
                0x0000000008003b36      0x188 Drivers/STM32F1xx_HAL_Driver/Src/stm32f1xx_hal_tim.o
                0x0000000008003b36                HAL_TIM_ConfigClockSource
 *fill*         0x0000000008003cbe        0x2 
 .text.TIM_Base_SetConfig
                0x0000000008003cc0       0xc4 Drivers/STM32F1xx_HAL_Driver/Src/stm32f1xx_hal_tim.o
                0x0000000008003cc0                TIM_Base_SetConfig
 .text.TIM_TI1_ConfigInputStage
                0x0000000008003d84       0x5c Drivers/STM32F1xx_HAL_Driver/Src/stm32f1xx_hal_tim.o
 .text.TIM_TI2_ConfigInputStage
                0x0000000008003de0       0x5e Drivers/STM32F1xx_HAL_Driver/Src/stm32f1xx_hal_tim.o
 .text.TIM_ITRx_SetConfig
                0x0000000008003e3e       0x34 Drivers/STM32F1xx_HAL_Driver/Src/stm32f1xx_hal_tim.o
 .text.TIM_ETR_SetConfig
                0x0000000008003e72       0x3e Drivers/STM32F1xx_HAL_Driver/Src/stm32f1xx_hal_tim.o
                0x0000000008003e72                TIM_ETR_SetConfig
 .text.HAL_TIMEx_MasterConfigSynchronization
                0x0000000008003eb0       0xbc Drivers/STM32F1xx_HAL_Driver/Src/stm32f1xx_hal_tim_ex.o
                0x0000000008003eb0                HAL_TIMEx_MasterConfigSynchronization
 .text.USB_CoreInit
                0x0000000008003f6c       0x20 Drivers/STM32F1xx_HAL_Driver/Src/stm32f1xx_ll_usb.o
                0x0000000008003f6c                USB_CoreInit
 .text.USB_EnableGlobalInt
                0x0000000008003f8c       0x2c Drivers/STM32F1xx_HAL_Driver/Src/stm32f1xx_ll_usb.o
                0x0000000008003f8c                USB_EnableGlobalInt
 .text.USB_DisableGlobalInt
                0x0000000008003fb8       0x34 Drivers/STM32F1xx_HAL_Driver/Src/stm32f1xx_ll_usb.o
                0x0000000008003fb8                USB_DisableGlobalInt
 .text.USB_SetCurrentMode
                0x0000000008003fec       0x18 Drivers/STM32F1xx_HAL_Driver/Src/stm32f1xx_ll_usb.o
                0x0000000008003fec                USB_SetCurrentMode
 .text.USB_DevInit
                0x0000000008004004       0x40 Drivers/STM32F1xx_HAL_Driver/Src/stm32f1xx_ll_usb.o
                0x0000000008004004                USB_DevInit
 .text.USB_ActivateEndpoint
                0x0000000008004044      0x6d4 Drivers/STM32F1xx_HAL_Driver/Src/stm32f1xx_ll_usb.o
                0x0000000008004044                USB_ActivateEndpoint
 .text.USB_DeactivateEndpoint
                0x0000000008004718      0x3d8 Drivers/STM32F1xx_HAL_Driver/Src/stm32f1xx_ll_usb.o
                0x0000000008004718                USB_DeactivateEndpoint
 .text.USB_EPStartXfer
                0x0000000008004af0     0x1240 Drivers/STM32F1xx_HAL_Driver/Src/stm32f1xx_ll_usb.o
                0x0000000008004af0                USB_EPStartXfer
 .text.USB_EPSetStall
                0x0000000008005d30       0xa0 Drivers/STM32F1xx_HAL_Driver/Src/stm32f1xx_ll_usb.o
                0x0000000008005d30                USB_EPSetStall
 .text.USB_EPClearStall
                0x0000000008005dd0      0x15a Drivers/STM32F1xx_HAL_Driver/Src/stm32f1xx_ll_usb.o
                0x0000000008005dd0                USB_EPClearStall
 .text.USB_SetDevAddress
                0x0000000008005f2a       0x26 Drivers/STM32F1xx_HAL_Driver/Src/stm32f1xx_ll_usb.o
                0x0000000008005f2a                USB_SetDevAddress
 .text.USB_DevConnect
                0x0000000008005f50       0x14 Drivers/STM32F1xx_HAL_Driver/Src/stm32f1xx_ll_usb.o
                0x0000000008005f50                USB_DevConnect
 .text.USB_DevDisconnect
                0x0000000008005f64       0x14 Drivers/STM32F1xx_HAL_Driver/Src/stm32f1xx_ll_usb.o
                0x0000000008005f64                USB_DevDisconnect
 .text.USB_ReadInterrupts
                0x0000000008005f78       0x1e Drivers/STM32F1xx_HAL_Driver/Src/stm32f1xx_ll_usb.o
                0x0000000008005f78                USB_ReadInterrupts
 .text.USB_EP0_OutStart
                0x0000000008005f96       0x16 Drivers/STM32F1xx_HAL_Driver/Src/stm32f1xx_ll_usb.o
                0x0000000008005f96                USB_EP0_OutStart
 .text.USB_WritePMA
                0x0000000008005fac       0x8a Drivers/STM32F1xx_HAL_Driver/Src/stm32f1xx_ll_usb.o
                0x0000000008005fac                USB_WritePMA
 .text.USB_ReadPMA
                0x0000000008006036       0x9e Drivers/STM32F1xx_HAL_Driver/Src/stm32f1xx_ll_usb.o
                0x0000000008006036                USB_ReadPMA
 .text.USBD_CDC_Init
                0x00000000080060d4       0xf4 Middlewares/ST/STM32_USB_Device_Library/Class/CDC/Src/usbd_cdc.o
 .text.USBD_CDC_DeInit
                0x00000000080061c8       0x6e Middlewares/ST/STM32_USB_Device_Library/Class/CDC/Src/usbd_cdc.o
 .text.USBD_CDC_Setup
                0x0000000008006236      0x146 Middlewares/ST/STM32_USB_Device_Library/Class/CDC/Src/usbd_cdc.o
 .text.USBD_CDC_DataIn
                0x000000000800637c       0xa6 Middlewares/ST/STM32_USB_Device_Library/Class/CDC/Src/usbd_cdc.o
 .text.USBD_CDC_DataOut
                0x0000000008006422       0x56 Middlewares/ST/STM32_USB_Device_Library/Class/CDC/Src/usbd_cdc.o
 .text.USBD_CDC_EP0_RxReady
                0x0000000008006478       0x50 Middlewares/ST/STM32_USB_Device_Library/Class/CDC/Src/usbd_cdc.o
 .text.USBD_CDC_GetFSCfgDesc
                0x00000000080064c8       0x20 Middlewares/ST/STM32_USB_Device_Library/Class/CDC/Src/usbd_cdc.o
 .text.USBD_CDC_GetHSCfgDesc
                0x00000000080064e8       0x20 Middlewares/ST/STM32_USB_Device_Library/Class/CDC/Src/usbd_cdc.o
 .text.USBD_CDC_GetOtherSpeedCfgDesc
                0x0000000008006508       0x20 Middlewares/ST/STM32_USB_Device_Library/Class/CDC/Src/usbd_cdc.o
 .text.USBD_CDC_GetDeviceQualifierDescriptor
                0x0000000008006528       0x20 Middlewares/ST/STM32_USB_Device_Library/Class/CDC/Src/usbd_cdc.o
                0x0000000008006528                USBD_CDC_GetDeviceQualifierDescriptor
 .text.USBD_CDC_RegisterInterface
                0x0000000008006548       0x2c Middlewares/ST/STM32_USB_Device_Library/Class/CDC/Src/usbd_cdc.o
                0x0000000008006548                USBD_CDC_RegisterInterface
 .text.USBD_CDC_SetTxBuffer
                0x0000000008006574       0x32 Middlewares/ST/STM32_USB_Device_Library/Class/CDC/Src/usbd_cdc.o
                0x0000000008006574                USBD_CDC_SetTxBuffer
 .text.USBD_CDC_SetRxBuffer
                0x00000000080065a6       0x26 Middlewares/ST/STM32_USB_Device_Library/Class/CDC/Src/usbd_cdc.o
                0x00000000080065a6                USBD_CDC_SetRxBuffer
 .text.USBD_CDC_ReceivePacket
                0x00000000080065cc       0x54 Middlewares/ST/STM32_USB_Device_Library/Class/CDC/Src/usbd_cdc.o
                0x00000000080065cc                USBD_CDC_ReceivePacket
 .text.USBD_Init
                0x0000000008006620       0x56 Middlewares/ST/STM32_USB_Device_Library/Core/Src/usbd_core.o
                0x0000000008006620                USBD_Init
 .text.USBD_RegisterClass
                0x0000000008006676       0x32 Middlewares/ST/STM32_USB_Device_Library/Core/Src/usbd_core.o
                0x0000000008006676                USBD_RegisterClass
 .text.USBD_Start
                0x00000000080066a8       0x18 Middlewares/ST/STM32_USB_Device_Library/Core/Src/usbd_core.o
                0x00000000080066a8                USBD_Start
 .text.USBD_RunTestMode
                0x00000000080066c0       0x14 Middlewares/ST/STM32_USB_Device_Library/Core/Src/usbd_core.o
                0x00000000080066c0                USBD_RunTestMode
 .text.USBD_SetClassConfig
                0x00000000080066d4       0x3e Middlewares/ST/STM32_USB_Device_Library/Core/Src/usbd_core.o
                0x00000000080066d4                USBD_SetClassConfig
 .text.USBD_ClrClassConfig
                0x0000000008006712       0x26 Middlewares/ST/STM32_USB_Device_Library/Core/Src/usbd_core.o
                0x0000000008006712                USBD_ClrClassConfig
 .text.USBD_LL_SetupStage
                0x0000000008006738       0x9a Middlewares/ST/STM32_USB_Device_Library/Core/Src/usbd_core.o
                0x0000000008006738                USBD_LL_SetupStage
 .text.USBD_LL_DataOutStage
                0x00000000080067d2       0xe2 Middlewares/ST/STM32_USB_Device_Library/Core/Src/usbd_core.o
                0x00000000080067d2                USBD_LL_DataOutStage
 .text.USBD_LL_DataInStage
                0x00000000080068b4      0x14a Middlewares/ST/STM32_USB_Device_Library/Core/Src/usbd_core.o
                0x00000000080068b4                USBD_LL_DataInStage
 .text.USBD_LL_Reset
                0x00000000080069fe       0x82 Middlewares/ST/STM32_USB_Device_Library/Core/Src/usbd_core.o
                0x00000000080069fe                USBD_LL_Reset
 .text.USBD_LL_SetSpeed
                0x0000000008006a80       0x1e Middlewares/ST/STM32_USB_Device_Library/Core/Src/usbd_core.o
                0x0000000008006a80                USBD_LL_SetSpeed
 .text.USBD_LL_Suspend
                0x0000000008006a9e       0x28 Middlewares/ST/STM32_USB_Device_Library/Core/Src/usbd_core.o
                0x0000000008006a9e                USBD_LL_Suspend
 .text.USBD_LL_Resume
                0x0000000008006ac6       0x2a Middlewares/ST/STM32_USB_Device_Library/Core/Src/usbd_core.o
                0x0000000008006ac6                USBD_LL_Resume
 .text.USBD_LL_SOF
                0x0000000008006af0       0x34 Middlewares/ST/STM32_USB_Device_Library/Core/Src/usbd_core.o
                0x0000000008006af0                USBD_LL_SOF
 .text.USBD_StdDevReq
                0x0000000008006b24       0xd4 Middlewares/ST/STM32_USB_Device_Library/Core/Src/usbd_ctlreq.o
                0x0000000008006b24                USBD_StdDevReq
 .text.USBD_StdItfReq
                0x0000000008006bf8       0x90 Middlewares/ST/STM32_USB_Device_Library/Core/Src/usbd_ctlreq.o
                0x0000000008006bf8                USBD_StdItfReq
 .text.USBD_StdEPReq
                0x0000000008006c88      0x2c6 Middlewares/ST/STM32_USB_Device_Library/Core/Src/usbd_ctlreq.o
                0x0000000008006c88                USBD_StdEPReq
 *fill*         0x0000000008006f4e        0x2 
 .text.USBD_GetDescriptor
                0x0000000008006f50      0x2d0 Middlewares/ST/STM32_USB_Device_Library/Core/Src/usbd_ctlreq.o
 .text.USBD_SetAddress
                0x0000000008007220       0x86 Middlewares/ST/STM32_USB_Device_Library/Core/Src/usbd_ctlreq.o
 *fill*         0x00000000080072a6        0x2 
 .text.USBD_SetConfig
                0x00000000080072a8      0x11c Middlewares/ST/STM32_USB_Device_Library/Core/Src/usbd_ctlreq.o
 .text.USBD_GetConfig
                0x00000000080073c4       0x6a Middlewares/ST/STM32_USB_Device_Library/Core/Src/usbd_ctlreq.o
 .text.USBD_GetStatus
                0x000000000800742e       0x66 Middlewares/ST/STM32_USB_Device_Library/Core/Src/usbd_ctlreq.o
 .text.USBD_SetFeature
                0x0000000008007494       0x28 Middlewares/ST/STM32_USB_Device_Library/Core/Src/usbd_ctlreq.o
 .text.USBD_ClrFeature
                0x00000000080074bc       0x42 Middlewares/ST/STM32_USB_Device_Library/Core/Src/usbd_ctlreq.o
 .text.USBD_ParseSetupRequest
                0x00000000080074fe       0x78 Middlewares/ST/STM32_USB_Device_Library/Core/Src/usbd_ctlreq.o
                0x00000000080074fe                USBD_ParseSetupRequest
 .text.USBD_CtlError
                0x0000000008007576       0x22 Middlewares/ST/STM32_USB_Device_Library/Core/Src/usbd_ctlreq.o
                0x0000000008007576                USBD_CtlError
 .text.USBD_GetString
                0x0000000008007598       0x84 Middlewares/ST/STM32_USB_Device_Library/Core/Src/usbd_ctlreq.o
                0x0000000008007598                USBD_GetString
 .text.USBD_GetLen
                0x000000000800761c       0x2e Middlewares/ST/STM32_USB_Device_Library/Core/Src/usbd_ctlreq.o
 .text.USBD_CtlSendData
                0x000000000800764a       0x38 Middlewares/ST/STM32_USB_Device_Library/Core/Src/usbd_ioreq.o
                0x000000000800764a                USBD_CtlSendData
 .text.USBD_CtlContinueSendData
                0x0000000008007682       0x24 Middlewares/ST/STM32_USB_Device_Library/Core/Src/usbd_ioreq.o
                0x0000000008007682                USBD_CtlContinueSendData
 .text.USBD_CtlPrepareRx
                0x00000000080076a6       0x3c Middlewares/ST/STM32_USB_Device_Library/Core/Src/usbd_ioreq.o
                0x00000000080076a6                USBD_CtlPrepareRx
 .text.USBD_CtlContinueRx
                0x00000000080076e2       0x24 Middlewares/ST/STM32_USB_Device_Library/Core/Src/usbd_ioreq.o
                0x00000000080076e2                USBD_CtlContinueRx
 .text.USBD_CtlSendStatus
                0x0000000008007706       0x26 Middlewares/ST/STM32_USB_Device_Library/Core/Src/usbd_ioreq.o
                0x0000000008007706                USBD_CtlSendStatus
 .text.USBD_CtlReceiveStatus
                0x000000000800772c       0x26 Middlewares/ST/STM32_USB_Device_Library/Core/Src/usbd_ioreq.o
                0x000000000800772c                USBD_CtlReceiveStatus
 *fill*         0x0000000008007752        0x2 
 .text.MX_USB_DEVICE_Init
                0x0000000008007754       0x60 USB_DEVICE/App/usb_device.o
                0x0000000008007754                MX_USB_DEVICE_Init
 .text.CDC_Init_FS
                0x00000000080077b4       0x28 USB_DEVICE/App/usbd_cdc_if.o
 .text.CDC_DeInit_FS
                0x00000000080077dc        0xe USB_DEVICE/App/usbd_cdc_if.o
 *fill*         0x00000000080077ea        0x2 
 .text.CDC_Control_FS
                0x00000000080077ec       0xbc USB_DEVICE/App/usbd_cdc_if.o
 .text.CDC_Receive_FS
                0x00000000080078a8       0x28 USB_DEVICE/App/usbd_cdc_if.o
 .text.USBD_FS_DeviceDescriptor
                0x00000000080078d0       0x24 USB_DEVICE/App/usbd_desc.o
                0x00000000080078d0                USBD_FS_DeviceDescriptor
 .text.USBD_FS_LangIDStrDescriptor
                0x00000000080078f4       0x24 USB_DEVICE/App/usbd_desc.o
                0x00000000080078f4                USBD_FS_LangIDStrDescriptor
 .text.USBD_FS_ProductStrDescriptor
                0x0000000008007918       0x3c USB_DEVICE/App/usbd_desc.o
                0x0000000008007918                USBD_FS_ProductStrDescriptor
 .text.USBD_FS_ManufacturerStrDescriptor
                0x0000000008007954       0x28 USB_DEVICE/App/usbd_desc.o
                0x0000000008007954                USBD_FS_ManufacturerStrDescriptor
 .text.USBD_FS_SerialStrDescriptor
                0x000000000800797c       0x24 USB_DEVICE/App/usbd_desc.o
                0x000000000800797c                USBD_FS_SerialStrDescriptor
 .text.USBD_FS_ConfigStrDescriptor
                0x00000000080079a0       0x3c USB_DEVICE/App/usbd_desc.o
                0x00000000080079a0                USBD_FS_ConfigStrDescriptor
 .text.USBD_FS_InterfaceStrDescriptor
                0x00000000080079dc       0x3c USB_DEVICE/App/usbd_desc.o
                0x00000000080079dc                USBD_FS_InterfaceStrDescriptor
 .text.Get_SerialNum
                0x0000000008007a18       0x58 USB_DEVICE/App/usbd_desc.o
 .text.IntToUnicode
                0x0000000008007a70       0x7c USB_DEVICE/App/usbd_desc.o
 .text.HAL_PCD_MspInit
                0x0000000008007aec       0x4c USB_DEVICE/Target/usbd_conf.o
                0x0000000008007aec                HAL_PCD_MspInit
 .text.HAL_PCD_SetupStageCallback
                0x0000000008007b38       0x24 USB_DEVICE/Target/usbd_conf.o
                0x0000000008007b38                HAL_PCD_SetupStageCallback
 .text.HAL_PCD_DataOutStageCallback
                0x0000000008007b5c       0x36 USB_DEVICE/Target/usbd_conf.o
                0x0000000008007b5c                HAL_PCD_DataOutStageCallback
 .text.HAL_PCD_DataInStageCallback
                0x0000000008007b92       0x34 USB_DEVICE/Target/usbd_conf.o
                0x0000000008007b92                HAL_PCD_DataInStageCallback
 .text.HAL_PCD_SOFCallback
                0x0000000008007bc6       0x1c USB_DEVICE/Target/usbd_conf.o
                0x0000000008007bc6                HAL_PCD_SOFCallback
 .text.HAL_PCD_ResetCallback
                0x0000000008007be2       0x3c USB_DEVICE/Target/usbd_conf.o
                0x0000000008007be2                HAL_PCD_ResetCallback
 *fill*         0x0000000008007c1e        0x2 
 .text.HAL_PCD_SuspendCallback
                0x0000000008007c20       0x34 USB_DEVICE/Target/usbd_conf.o
                0x0000000008007c20                HAL_PCD_SuspendCallback
 .text.HAL_PCD_ResumeCallback
                0x0000000008007c54       0x1c USB_DEVICE/Target/usbd_conf.o
                0x0000000008007c54                HAL_PCD_ResumeCallback
 .text.USBD_LL_Init
                0x0000000008007c70       0xb4 USB_DEVICE/Target/usbd_conf.o
                0x0000000008007c70                USBD_LL_Init
 .text.USBD_LL_Start
                0x0000000008007d24       0x36 USB_DEVICE/Target/usbd_conf.o
                0x0000000008007d24                USBD_LL_Start
 .text.USBD_LL_OpenEP
                0x0000000008007d5a       0x4c USB_DEVICE/Target/usbd_conf.o
                0x0000000008007d5a                USBD_LL_OpenEP
 .text.USBD_LL_CloseEP
                0x0000000008007da6       0x3e USB_DEVICE/Target/usbd_conf.o
                0x0000000008007da6                USBD_LL_CloseEP
 .text.USBD_LL_StallEP
                0x0000000008007de4       0x3e USB_DEVICE/Target/usbd_conf.o
                0x0000000008007de4                USBD_LL_StallEP
 .text.USBD_LL_ClearStallEP
                0x0000000008007e22       0x3e USB_DEVICE/Target/usbd_conf.o
                0x0000000008007e22                USBD_LL_ClearStallEP
 .text.USBD_LL_IsStallEP
                0x0000000008007e60       0x58 USB_DEVICE/Target/usbd_conf.o
                0x0000000008007e60                USBD_LL_IsStallEP
 .text.USBD_LL_SetUSBAddress
                0x0000000008007eb8       0x3e USB_DEVICE/Target/usbd_conf.o
                0x0000000008007eb8                USBD_LL_SetUSBAddress
 .text.USBD_LL_Transmit
                0x0000000008007ef6       0x46 USB_DEVICE/Target/usbd_conf.o
                0x0000000008007ef6                USBD_LL_Transmit
 .text.USBD_LL_PrepareReceive
                0x0000000008007f3c       0x46 USB_DEVICE/Target/usbd_conf.o
                0x0000000008007f3c                USBD_LL_PrepareReceive
 .text.USBD_LL_GetRxDataSize
                0x0000000008007f82       0x26 USB_DEVICE/Target/usbd_conf.o
                0x0000000008007f82                USBD_LL_GetRxDataSize
 .text.USBD_static_malloc
                0x0000000008007fa8       0x18 USB_DEVICE/Target/usbd_conf.o
                0x0000000008007fa8                USBD_static_malloc
 .text.USBD_static_free
                0x0000000008007fc0       0x12 USB_DEVICE/Target/usbd_conf.o
                0x0000000008007fc0                USBD_static_free
 .text.HAL_PCDEx_SetConnectionState
                0x0000000008007fd2       0x16 USB_DEVICE/Target/usbd_conf.o
                0x0000000008007fd2                HAL_PCDEx_SetConnectionState
 .text.USBD_Get_USB_Status
                0x0000000008007fe8       0x58 USB_DEVICE/Target/usbd_conf.o
 .text.__libc_init_array
                0x0000000008008040       0x48 c:/st/stm32cubeide_1.6.1/stm32cubeide/plugins/com.st.stm32cube.ide.mcu.externaltools.gnu-tools-for-stm32.9-2020-q2-update.win32_1.5.0.202011040924/tools/bin/../lib/gcc/arm-none-eabi/9.3.1/../../../../arm-none-eabi/lib/thumb/v7-m/nofp\libc_nano.a(lib_a-init.o)
                0x0000000008008040                __libc_init_array
 .text.memset   0x0000000008008088       0x10 c:/st/stm32cubeide_1.6.1/stm32cubeide/plugins/com.st.stm32cube.ide.mcu.externaltools.gnu-tools-for-stm32.9-2020-q2-update.win32_1.5.0.202011040924/tools/bin/../lib/gcc/arm-none-eabi/9.3.1/../../../../arm-none-eabi/lib/thumb/v7-m/nofp\libc_nano.a(lib_a-memset.o)
                0x0000000008008088                memset
 *(.glue_7)
 .glue_7        0x0000000008008098        0x0 linker stubs
 *(.glue_7t)
 .glue_7t       0x0000000008008098        0x0 linker stubs
 *(.eh_frame)
 .eh_frame      0x0000000008008098        0x0 c:/st/stm32cubeide_1.6.1/stm32cubeide/plugins/com.st.stm32cube.ide.mcu.externaltools.gnu-tools-for-stm32.9-2020-q2-update.win32_1.5.0.202011040924/tools/bin/../lib/gcc/arm-none-eabi/9.3.1/thumb/v7-m/nofp/crtbegin.o
 *(.init)
 .init          0x0000000008008098        0x4 c:/st/stm32cubeide_1.6.1/stm32cubeide/plugins/com.st.stm32cube.ide.mcu.externaltools.gnu-tools-for-stm32.9-2020-q2-update.win32_1.5.0.202011040924/tools/bin/../lib/gcc/arm-none-eabi/9.3.1/thumb/v7-m/nofp/crti.o
                0x0000000008008098                _init
 .init          0x000000000800809c        0x8 c:/st/stm32cubeide_1.6.1/stm32cubeide/plugins/com.st.stm32cube.ide.mcu.externaltools.gnu-tools-for-stm32.9-2020-q2-update.win32_1.5.0.202011040924/tools/bin/../lib/gcc/arm-none-eabi/9.3.1/thumb/v7-m/nofp/crtn.o
 *(.fini)
 .fini          0x00000000080080a4        0x4 c:/st/stm32cubeide_1.6.1/stm32cubeide/plugins/com.st.stm32cube.ide.mcu.externaltools.gnu-tools-for-stm32.9-2020-q2-update.win32_1.5.0.202011040924/tools/bin/../lib/gcc/arm-none-eabi/9.3.1/thumb/v7-m/nofp/crti.o
                0x00000000080080a4                _fini
 .fini          0x00000000080080a8        0x8 c:/st/stm32cubeide_1.6.1/stm32cubeide/plugins/com.st.stm32cube.ide.mcu.externaltools.gnu-tools-for-stm32.9-2020-q2-update.win32_1.5.0.202011040924/tools/bin/../lib/gcc/arm-none-eabi/9.3.1/thumb/v7-m/nofp/crtn.o
                0x00000000080080b0                . = ALIGN (0x4)
                0x00000000080080b0                _etext = .

.vfp11_veneer   0x00000000080080b0        0x0
 .vfp11_veneer  0x00000000080080b0        0x0 linker stubs

.v4_bx          0x00000000080080b0        0x0
 .v4_bx         0x00000000080080b0        0x0 linker stubs

.iplt           0x00000000080080b0        0x0
 .iplt          0x00000000080080b0        0x0 c:/st/stm32cubeide_1.6.1/stm32cubeide/plugins/com.st.stm32cube.ide.mcu.externaltools.gnu-tools-for-stm32.9-2020-q2-update.win32_1.5.0.202011040924/tools/bin/../lib/gcc/arm-none-eabi/9.3.1/thumb/v7-m/nofp/crtbegin.o

.rodata         0x00000000080080b0       0x64
                0x00000000080080b0                . = ALIGN (0x4)
 *(.rodata)
 .rodata        0x00000000080080b0       0x10 Drivers/STM32F1xx_HAL_Driver/Src/stm32f1xx_hal_rcc.o
 .rodata        0x00000000080080c0       0x42 USB_DEVICE/App/usbd_desc.o
 *(.rodata*)
 *fill*         0x0000000008008102        0x2 
 .rodata.AHBPrescTable
                0x0000000008008104       0x10 Core/Src/system_stm32f1xx.o
                0x0000000008008104                AHBPrescTable
                0x0000000008008114                . = ALIGN (0x4)

.rel.dyn        0x0000000008008114        0x0
 .rel.iplt      0x0000000008008114        0x0 c:/st/stm32cubeide_1.6.1/stm32cubeide/plugins/com.st.stm32cube.ide.mcu.externaltools.gnu-tools-for-stm32.9-2020-q2-update.win32_1.5.0.202011040924/tools/bin/../lib/gcc/arm-none-eabi/9.3.1/thumb/v7-m/nofp/crtbegin.o

.ARM.extab      0x0000000008008114        0x0
                0x0000000008008114                . = ALIGN (0x4)
 *(.ARM.extab* .gnu.linkonce.armextab.*)
                0x0000000008008114                . = ALIGN (0x4)

.ARM            0x0000000008008114        0x0
                0x0000000008008114                . = ALIGN (0x4)
                0x0000000008008114                __exidx_start = .
 *(.ARM.exidx*)
                0x0000000008008114                __exidx_end = .
                0x0000000008008114                . = ALIGN (0x4)

.preinit_array  0x0000000008008114        0x0
                0x0000000008008114                . = ALIGN (0x4)
                0x0000000008008114                PROVIDE (__preinit_array_start = .)
 *(.preinit_array*)
                0x0000000008008114                PROVIDE (__preinit_array_end = .)
                0x0000000008008114                . = ALIGN (0x4)

.init_array     0x0000000008008114        0x4
                0x0000000008008114                . = ALIGN (0x4)
                0x0000000008008114                PROVIDE (__init_array_start = .)
 *(SORT_BY_NAME(.init_array.*))
 *(.init_array*)
 .init_array    0x0000000008008114        0x4 c:/st/stm32cubeide_1.6.1/stm32cubeide/plugins/com.st.stm32cube.ide.mcu.externaltools.gnu-tools-for-stm32.9-2020-q2-update.win32_1.5.0.202011040924/tools/bin/../lib/gcc/arm-none-eabi/9.3.1/thumb/v7-m/nofp/crtbegin.o
                0x0000000008008118                PROVIDE (__init_array_end = .)
                0x0000000008008118                . = ALIGN (0x4)

.fini_array     0x0000000008008118        0x4
                0x0000000008008118                . = ALIGN (0x4)
                [!provide]                        PROVIDE (__fini_array_start = .)
 *(SORT_BY_NAME(.fini_array.*))
 *(.fini_array*)
 .fini_array    0x0000000008008118        0x4 c:/st/stm32cubeide_1.6.1/stm32cubeide/plugins/com.st.stm32cube.ide.mcu.externaltools.gnu-tools-for-stm32.9-2020-q2-update.win32_1.5.0.202011040924/tools/bin/../lib/gcc/arm-none-eabi/9.3.1/thumb/v7-m/nofp/crtbegin.o
                [!provide]                        PROVIDE (__fini_array_end = .)
                0x000000000800811c                . = ALIGN (0x4)
                0x000000000800811c                _sidata = LOADADDR (.data)

.data           0x0000000020000000      0x180 load address 0x000000000800811c
                0x0000000020000000                . = ALIGN (0x4)
                0x0000000020000000                _sdata = .
 *(.data)
 *(.data*)
 .data.A        0x0000000020000000        0x2 Core/Src/main.o
                0x0000000020000000                A
 *fill*         0x0000000020000002        0x2 
 .data.SystemCoreClock
                0x0000000020000004        0x4 Core/Src/system_stm32f1xx.o
                0x0000000020000004                SystemCoreClock
 .data.uwTickPrio
                0x0000000020000008        0x4 Drivers/STM32F1xx_HAL_Driver/Src/stm32f1xx_hal.o
                0x0000000020000008                uwTickPrio
 .data.uwTickFreq
                0x000000002000000c        0x1 Drivers/STM32F1xx_HAL_Driver/Src/stm32f1xx_hal.o
                0x000000002000000c                uwTickFreq
 *fill*         0x000000002000000d        0x3 
 .data.USBD_CDC_DeviceQualifierDesc
                0x0000000020000010        0xa Middlewares/ST/STM32_USB_Device_Library/Class/CDC/Src/usbd_cdc.o
 *fill*         0x000000002000001a        0x2 
 .data.USBD_CDC
                0x000000002000001c       0x38 Middlewares/ST/STM32_USB_Device_Library/Class/CDC/Src/usbd_cdc.o
                0x000000002000001c                USBD_CDC
 .data.USBD_CDC_CfgHSDesc
                0x0000000020000054       0x43 Middlewares/ST/STM32_USB_Device_Library/Class/CDC/Src/usbd_cdc.o
                0x0000000020000054                USBD_CDC_CfgHSDesc
 *fill*         0x0000000020000097        0x1 
 .data.USBD_CDC_CfgFSDesc
                0x0000000020000098       0x43 Middlewares/ST/STM32_USB_Device_Library/Class/CDC/Src/usbd_cdc.o
                0x0000000020000098                USBD_CDC_CfgFSDesc
 *fill*         0x00000000200000db        0x1 
 .data.USBD_CDC_OtherSpeedCfgDesc
                0x00000000200000dc       0x43 Middlewares/ST/STM32_USB_Device_Library/Class/CDC/Src/usbd_cdc.o
                0x00000000200000dc                USBD_CDC_OtherSpeedCfgDesc
 *fill*         0x000000002000011f        0x1 
 .data.USBD_Interface_fops_FS
                0x0000000020000120       0x10 USB_DEVICE/App/usbd_cdc_if.o
                0x0000000020000120                USBD_Interface_fops_FS
 .data.FS_Desc  0x0000000020000130       0x1c USB_DEVICE/App/usbd_desc.o
                0x0000000020000130                FS_Desc
 .data.USBD_FS_DeviceDesc
                0x000000002000014c       0x12 USB_DEVICE/App/usbd_desc.o
                0x000000002000014c                USBD_FS_DeviceDesc
 *fill*         0x000000002000015e        0x2 
 .data.USBD_LangIDDesc
                0x0000000020000160        0x4 USB_DEVICE/App/usbd_desc.o
                0x0000000020000160                USBD_LangIDDesc
 .data.USBD_StringSerial
                0x0000000020000164       0x1a USB_DEVICE/App/usbd_desc.o
                0x0000000020000164                USBD_StringSerial
 *(.RamFunc)
 *(.RamFunc*)
                0x0000000020000180                . = ALIGN (0x4)
 *fill*         0x000000002000017e        0x2 
                0x0000000020000180                _edata = .

.igot.plt       0x0000000020000180        0x0 load address 0x000000000800829c
 .igot.plt      0x0000000020000180        0x0 c:/st/stm32cubeide_1.6.1/stm32cubeide/plugins/com.st.stm32cube.ide.mcu.externaltools.gnu-tools-for-stm32.9-2020-q2-update.win32_1.5.0.202011040924/tools/bin/../lib/gcc/arm-none-eabi/9.3.1/thumb/v7-m/nofp/crtbegin.o
                0x0000000020000180                . = ALIGN (0x4)

.bss            0x0000000020000180     0x1234 load address 0x000000000800829c
                0x0000000020000180                _sbss = .
                0x0000000020000180                __bss_start__ = _sbss
 *(.bss)
 .bss           0x0000000020000180       0x1c c:/st/stm32cubeide_1.6.1/stm32cubeide/plugins/com.st.stm32cube.ide.mcu.externaltools.gnu-tools-for-stm32.9-2020-q2-update.win32_1.5.0.202011040924/tools/bin/../lib/gcc/arm-none-eabi/9.3.1/thumb/v7-m/nofp/crtbegin.o
 *(.bss*)
 .bss.cfgidx.8378
                0x000000002000019c        0x1 Middlewares/ST/STM32_USB_Device_Library/Core/Src/usbd_ctlreq.o
 *fill*         0x000000002000019d        0x3 
 .bss.mem.8448  0x00000000200001a0      0x220 USB_DEVICE/Target/usbd_conf.o
 *(COMMON)
 COMMON         0x00000000200003c0       0x70 Core/Src/main.o
                0x00000000200003c0                hcan
                0x00000000200003e8                htim2
 COMMON         0x0000000020000430        0x4 Drivers/STM32F1xx_HAL_Driver/Src/stm32f1xx_hal.o
                0x0000000020000430                uwTick
 COMMON         0x0000000020000434      0x2c4 USB_DEVICE/App/usb_device.o
                0x0000000020000434                hUsbDeviceFS
 COMMON         0x00000000200006f8      0x7d0 USB_DEVICE/App/usbd_cdc_if.o
                0x00000000200006f8                UserRxBufferFS
                0x0000000020000ae0                UserTxBufferFS
 COMMON         0x0000000020000ec8      0x200 USB_DEVICE/App/usbd_desc.o
                0x0000000020000ec8                USBD_StrDesc
 COMMON         0x00000000200010c8      0x2ec USB_DEVICE/Target/usbd_conf.o
                0x00000000200010c8                hpcd_USB_FS
                0x00000000200013b4                . = ALIGN (0x4)
                0x00000000200013b4                _ebss = .
                0x00000000200013b4                __bss_end__ = _ebss

._user_heap_stack
                0x00000000200013b4      0x604 load address 0x000000000800829c
                0x00000000200013b8                . = ALIGN (0x8)
 *fill*         0x00000000200013b4        0x4 
                [!provide]                        PROVIDE (end = .)
                0x00000000200013b8                PROVIDE (_end = .)
                0x00000000200015b8                . = (. + _Min_Heap_Size)
 *fill*         0x00000000200013b8      0x200 
                0x00000000200019b8                . = (. + _Min_Stack_Size)
 *fill*         0x00000000200015b8      0x400 
                0x00000000200019b8                . = ALIGN (0x8)

/DISCARD/
 libc.a(*)
 libm.a(*)
 libgcc.a(*)

.ARM.attributes
                0x0000000000000000       0x29
 *(.ARM.attributes)
 .ARM.attributes
                0x0000000000000000       0x1d c:/st/stm32cubeide_1.6.1/stm32cubeide/plugins/com.st.stm32cube.ide.mcu.externaltools.gnu-tools-for-stm32.9-2020-q2-update.win32_1.5.0.202011040924/tools/bin/../lib/gcc/arm-none-eabi/9.3.1/thumb/v7-m/nofp/crti.o
 .ARM.attributes
                0x000000000000001d       0x2d c:/st/stm32cubeide_1.6.1/stm32cubeide/plugins/com.st.stm32cube.ide.mcu.externaltools.gnu-tools-for-stm32.9-2020-q2-update.win32_1.5.0.202011040924/tools/bin/../lib/gcc/arm-none-eabi/9.3.1/thumb/v7-m/nofp/crtbegin.o
 .ARM.attributes
                0x000000000000004a       0x2d Core/Src/Afficheur.o
 .ARM.attributes
                0x0000000000000077       0x2d Core/Src/main.o
 .ARM.attributes
                0x00000000000000a4       0x2d Core/Src/stm32f1xx_hal_msp.o
 .ARM.attributes
                0x00000000000000d1       0x2d Core/Src/stm32f1xx_it.o
 .ARM.attributes
                0x00000000000000fe       0x2d Core/Src/system_stm32f1xx.o
 .ARM.attributes
                0x000000000000012b       0x21 Core/Startup/startup_stm32f103c8tx.o
 .ARM.attributes
                0x000000000000014c       0x2d Drivers/STM32F1xx_HAL_Driver/Src/stm32f1xx_hal.o
 .ARM.attributes
                0x0000000000000179       0x2d Drivers/STM32F1xx_HAL_Driver/Src/stm32f1xx_hal_can.o
 .ARM.attributes
                0x00000000000001a6       0x2d Drivers/STM32F1xx_HAL_Driver/Src/stm32f1xx_hal_cortex.o
 .ARM.attributes
                0x00000000000001d3       0x2d Drivers/STM32F1xx_HAL_Driver/Src/stm32f1xx_hal_gpio.o
 .ARM.attributes
                0x0000000000000200       0x2d Drivers/STM32F1xx_HAL_Driver/Src/stm32f1xx_hal_pcd.o
 .ARM.attributes
                0x000000000000022d       0x2d Drivers/STM32F1xx_HAL_Driver/Src/stm32f1xx_hal_pcd_ex.o
 .ARM.attributes
                0x000000000000025a       0x2d Drivers/STM32F1xx_HAL_Driver/Src/stm32f1xx_hal_rcc.o
 .ARM.attributes
                0x0000000000000287       0x2d Drivers/STM32F1xx_HAL_Driver/Src/stm32f1xx_hal_rcc_ex.o
 .ARM.attributes
                0x00000000000002b4       0x2d Drivers/STM32F1xx_HAL_Driver/Src/stm32f1xx_hal_tim.o
 .ARM.attributes
                0x00000000000002e1       0x2d Drivers/STM32F1xx_HAL_Driver/Src/stm32f1xx_hal_tim_ex.o
 .ARM.attributes
                0x000000000000030e       0x2d Drivers/STM32F1xx_HAL_Driver/Src/stm32f1xx_ll_usb.o
 .ARM.attributes
                0x000000000000033b       0x2d Middlewares/ST/STM32_USB_Device_Library/Class/CDC/Src/usbd_cdc.o
 .ARM.attributes
                0x0000000000000368       0x2d Middlewares/ST/STM32_USB_Device_Library/Core/Src/usbd_core.o
 .ARM.attributes
                0x0000000000000395       0x2d Middlewares/ST/STM32_USB_Device_Library/Core/Src/usbd_ctlreq.o
 .ARM.attributes
                0x00000000000003c2       0x2d Middlewares/ST/STM32_USB_Device_Library/Core/Src/usbd_ioreq.o
 .ARM.attributes
                0x00000000000003ef       0x2d USB_DEVICE/App/usb_device.o
 .ARM.attributes
                0x000000000000041c       0x2d USB_DEVICE/App/usbd_cdc_if.o
 .ARM.attributes
                0x0000000000000449       0x2d USB_DEVICE/App/usbd_desc.o
 .ARM.attributes
                0x0000000000000476       0x2d USB_DEVICE/Target/usbd_conf.o
 .ARM.attributes
                0x00000000000004a3       0x2d c:/st/stm32cubeide_1.6.1/stm32cubeide/plugins/com.st.stm32cube.ide.mcu.externaltools.gnu-tools-for-stm32.9-2020-q2-update.win32_1.5.0.202011040924/tools/bin/../lib/gcc/arm-none-eabi/9.3.1/../../../../arm-none-eabi/lib/thumb/v7-m/nofp\libc_nano.a(lib_a-init.o)
 .ARM.attributes
                0x00000000000004d0       0x2d c:/st/stm32cubeide_1.6.1/stm32cubeide/plugins/com.st.stm32cube.ide.mcu.externaltools.gnu-tools-for-stm32.9-2020-q2-update.win32_1.5.0.202011040924/tools/bin/../lib/gcc/arm-none-eabi/9.3.1/../../../../arm-none-eabi/lib/thumb/v7-m/nofp\libc_nano.a(lib_a-memset.o)
 .ARM.attributes
                0x00000000000004fd       0x1d c:/st/stm32cubeide_1.6.1/stm32cubeide/plugins/com.st.stm32cube.ide.mcu.externaltools.gnu-tools-for-stm32.9-2020-q2-update.win32_1.5.0.202011040924/tools/bin/../lib/gcc/arm-none-eabi/9.3.1/thumb/v7-m/nofp/crtn.o
OUTPUT(Sensor_Value.elf elf32-littlearm)
LOAD linker stubs
LOAD c:/st/stm32cubeide_1.6.1/stm32cubeide/plugins/com.st.stm32cube.ide.mcu.externaltools.gnu-tools-for-stm32.9-2020-q2-update.win32_1.5.0.202011040924/tools/bin/../lib/gcc/arm-none-eabi/9.3.1/../../../../arm-none-eabi/lib/thumb/v7-m/nofp\libc.a
LOAD c:/st/stm32cubeide_1.6.1/stm32cubeide/plugins/com.st.stm32cube.ide.mcu.externaltools.gnu-tools-for-stm32.9-2020-q2-update.win32_1.5.0.202011040924/tools/bin/../lib/gcc/arm-none-eabi/9.3.1/../../../../arm-none-eabi/lib/thumb/v7-m/nofp\libm.a
LOAD c:/st/stm32cubeide_1.6.1/stm32cubeide/plugins/com.st.stm32cube.ide.mcu.externaltools.gnu-tools-for-stm32.9-2020-q2-update.win32_1.5.0.202011040924/tools/bin/../lib/gcc/arm-none-eabi/9.3.1/thumb/v7-m/nofp\libgcc.a

.debug_info     0x0000000000000000    0x181a9
 .debug_info    0x0000000000000000      0x2ce Core/Src/Afficheur.o
 .debug_info    0x00000000000002ce     0x19e9 Core/Src/main.o
 .debug_info    0x0000000000001cb7      0xf82 Core/Src/stm32f1xx_hal_msp.o
 .debug_info    0x0000000000002c39      0xadd Core/Src/stm32f1xx_it.o
 .debug_info    0x0000000000003716      0x2be Core/Src/system_stm32f1xx.o
 .debug_info    0x00000000000039d4       0x22 Core/Startup/startup_stm32f103c8tx.o
 .debug_info    0x00000000000039f6      0x76a Drivers/STM32F1xx_HAL_Driver/Src/stm32f1xx_hal.o
 .debug_info    0x0000000000004160     0x107f Drivers/STM32F1xx_HAL_Driver/Src/stm32f1xx_hal_can.o
 .debug_info    0x00000000000051df      0xbdc Drivers/STM32F1xx_HAL_Driver/Src/stm32f1xx_hal_cortex.o
 .debug_info    0x0000000000005dbb      0x701 Drivers/STM32F1xx_HAL_Driver/Src/stm32f1xx_hal_gpio.o
 .debug_info    0x00000000000064bc     0x1332 Drivers/STM32F1xx_HAL_Driver/Src/stm32f1xx_hal_pcd.o
 .debug_info    0x00000000000077ee      0x7fa Drivers/STM32F1xx_HAL_Driver/Src/stm32f1xx_hal_pcd_ex.o
 .debug_info    0x0000000000007fe8      0x88e Drivers/STM32F1xx_HAL_Driver/Src/stm32f1xx_hal_rcc.o
 .debug_info    0x0000000000008876      0x480 Drivers/STM32F1xx_HAL_Driver/Src/stm32f1xx_hal_rcc_ex.o
 .debug_info    0x0000000000008cf6     0x2a43 Drivers/STM32F1xx_HAL_Driver/Src/stm32f1xx_hal_tim.o
 .debug_info    0x000000000000b739     0x1495 Drivers/STM32F1xx_HAL_Driver/Src/stm32f1xx_hal_tim_ex.o
 .debug_info    0x000000000000cbce     0x1911 Drivers/STM32F1xx_HAL_Driver/Src/stm32f1xx_ll_usb.o
 .debug_info    0x000000000000e4df     0x1938 Middlewares/ST/STM32_USB_Device_Library/Class/CDC/Src/usbd_cdc.o
 .debug_info    0x000000000000fe17     0x12ef Middlewares/ST/STM32_USB_Device_Library/Core/Src/usbd_core.o
 .debug_info    0x0000000000011106     0x125c Middlewares/ST/STM32_USB_Device_Library/Core/Src/usbd_ctlreq.o
 .debug_info    0x0000000000012362     0x102e Middlewares/ST/STM32_USB_Device_Library/Core/Src/usbd_ioreq.o
 .debug_info    0x0000000000013390      0xf6b USB_DEVICE/App/usb_device.o
 .debug_info    0x00000000000142fb     0x1140 USB_DEVICE/App/usbd_cdc_if.o
 .debug_info    0x000000000001543b      0xde8 USB_DEVICE/App/usbd_desc.o
 .debug_info    0x0000000000016223     0x1f86 USB_DEVICE/Target/usbd_conf.o

.debug_abbrev   0x0000000000000000     0x375e
 .debug_abbrev  0x0000000000000000      0x157 Core/Src/Afficheur.o
 .debug_abbrev  0x0000000000000157      0x384 Core/Src/main.o
 .debug_abbrev  0x00000000000004db      0x226 Core/Src/stm32f1xx_hal_msp.o
 .debug_abbrev  0x0000000000000701      0x1a6 Core/Src/stm32f1xx_it.o
 .debug_abbrev  0x00000000000008a7      0x14e Core/Src/system_stm32f1xx.o
 .debug_abbrev  0x00000000000009f5       0x12 Core/Startup/startup_stm32f103c8tx.o
 .debug_abbrev  0x0000000000000a07      0x1ed Drivers/STM32F1xx_HAL_Driver/Src/stm32f1xx_hal.o
 .debug_abbrev  0x0000000000000bf4      0x235 Drivers/STM32F1xx_HAL_Driver/Src/stm32f1xx_hal_can.o
 .debug_abbrev  0x0000000000000e29      0x313 Drivers/STM32F1xx_HAL_Driver/Src/stm32f1xx_hal_cortex.o
 .debug_abbrev  0x000000000000113c      0x1e8 Drivers/STM32F1xx_HAL_Driver/Src/stm32f1xx_hal_gpio.o
 .debug_abbrev  0x0000000000001324      0x29e Drivers/STM32F1xx_HAL_Driver/Src/stm32f1xx_hal_pcd.o
 .debug_abbrev  0x00000000000015c2      0x1ac Drivers/STM32F1xx_HAL_Driver/Src/stm32f1xx_hal_pcd_ex.o
 .debug_abbrev  0x000000000000176e      0x273 Drivers/STM32F1xx_HAL_Driver/Src/stm32f1xx_hal_rcc.o
 .debug_abbrev  0x00000000000019e1      0x193 Drivers/STM32F1xx_HAL_Driver/Src/stm32f1xx_hal_rcc_ex.o
 .debug_abbrev  0x0000000000001b74      0x25e Drivers/STM32F1xx_HAL_Driver/Src/stm32f1xx_hal_tim.o
 .debug_abbrev  0x0000000000001dd2      0x266 Drivers/STM32F1xx_HAL_Driver/Src/stm32f1xx_hal_tim_ex.o
 .debug_abbrev  0x0000000000002038      0x1fa Drivers/STM32F1xx_HAL_Driver/Src/stm32f1xx_ll_usb.o
 .debug_abbrev  0x0000000000002232      0x2f6 Middlewares/ST/STM32_USB_Device_Library/Class/CDC/Src/usbd_cdc.o
 .debug_abbrev  0x0000000000002528      0x2a8 Middlewares/ST/STM32_USB_Device_Library/Core/Src/usbd_core.o
 .debug_abbrev  0x00000000000027d0      0x2de Middlewares/ST/STM32_USB_Device_Library/Core/Src/usbd_ctlreq.o
 .debug_abbrev  0x0000000000002aae      0x20a Middlewares/ST/STM32_USB_Device_Library/Core/Src/usbd_ioreq.o
 .debug_abbrev  0x0000000000002cb8      0x1e4 USB_DEVICE/App/usb_device.o
 .debug_abbrev  0x0000000000002e9c      0x2bf USB_DEVICE/App/usbd_cdc_if.o
 .debug_abbrev  0x000000000000315b      0x2ca USB_DEVICE/App/usbd_desc.o
 .debug_abbrev  0x0000000000003425      0x339 USB_DEVICE/Target/usbd_conf.o

.debug_aranges  0x0000000000000000     0x1168
 .debug_aranges
                0x0000000000000000       0x38 Core/Src/Afficheur.o
 .debug_aranges
                0x0000000000000038       0x78 Core/Src/main.o
 .debug_aranges
                0x00000000000000b0       0x40 Core/Src/stm32f1xx_hal_msp.o
 .debug_aranges
                0x00000000000000f0       0x68 Core/Src/stm32f1xx_it.o
 .debug_aranges
                0x0000000000000158       0x28 Core/Src/system_stm32f1xx.o
 .debug_aranges
                0x0000000000000180       0x28 Core/Startup/startup_stm32f103c8tx.o
 .debug_aranges
                0x00000000000001a8       0xe0 Drivers/STM32F1xx_HAL_Driver/Src/stm32f1xx_hal.o
 .debug_aranges
                0x0000000000000288      0x138 Drivers/STM32F1xx_HAL_Driver/Src/stm32f1xx_hal_can.o
 .debug_aranges
                0x00000000000003c0      0x100 Drivers/STM32F1xx_HAL_Driver/Src/stm32f1xx_hal_cortex.o
 .debug_aranges
                0x00000000000004c0       0x58 Drivers/STM32F1xx_HAL_Driver/Src/stm32f1xx_hal_gpio.o
 .debug_aranges
                0x0000000000000518      0x138 Drivers/STM32F1xx_HAL_Driver/Src/stm32f1xx_hal_pcd.o
 .debug_aranges
                0x0000000000000650       0x38 Drivers/STM32F1xx_HAL_Driver/Src/stm32f1xx_hal_pcd_ex.o
 .debug_aranges
                0x0000000000000688       0x90 Drivers/STM32F1xx_HAL_Driver/Src/stm32f1xx_hal_rcc.o
 .debug_aranges
                0x0000000000000718       0x30 Drivers/STM32F1xx_HAL_Driver/Src/stm32f1xx_hal_rcc_ex.o
 .debug_aranges
                0x0000000000000748      0x3d0 Drivers/STM32F1xx_HAL_Driver/Src/stm32f1xx_hal_tim.o
 .debug_aranges
                0x0000000000000b18      0x168 Drivers/STM32F1xx_HAL_Driver/Src/stm32f1xx_hal_tim_ex.o
 .debug_aranges
                0x0000000000000c80       0xf0 Drivers/STM32F1xx_HAL_Driver/Src/stm32f1xx_ll_usb.o
 .debug_aranges
                0x0000000000000d70       0x90 Middlewares/ST/STM32_USB_Device_Library/Class/CDC/Src/usbd_cdc.o
 .debug_aranges
                0x0000000000000e00       0xb8 Middlewares/ST/STM32_USB_Device_Library/Core/Src/usbd_core.o
 .debug_aranges
                0x0000000000000eb8       0x88 Middlewares/ST/STM32_USB_Device_Library/Core/Src/usbd_ctlreq.o
 .debug_aranges
                0x0000000000000f40       0x50 Middlewares/ST/STM32_USB_Device_Library/Core/Src/usbd_ioreq.o
 .debug_aranges
                0x0000000000000f90       0x20 USB_DEVICE/App/usb_device.o
 .debug_aranges
                0x0000000000000fb0       0x40 USB_DEVICE/App/usbd_cdc_if.o
 .debug_aranges
                0x0000000000000ff0       0x60 USB_DEVICE/App/usbd_desc.o
 .debug_aranges
                0x0000000000001050      0x118 USB_DEVICE/Target/usbd_conf.o

.debug_ranges   0x0000000000000000      0xfe0
 .debug_ranges  0x0000000000000000       0x28 Core/Src/Afficheur.o
 .debug_ranges  0x0000000000000028       0x68 Core/Src/main.o
 .debug_ranges  0x0000000000000090       0x30 Core/Src/stm32f1xx_hal_msp.o
 .debug_ranges  0x00000000000000c0       0x58 Core/Src/stm32f1xx_it.o
 .debug_ranges  0x0000000000000118       0x18 Core/Src/system_stm32f1xx.o
 .debug_ranges  0x0000000000000130       0x20 Core/Startup/startup_stm32f103c8tx.o
 .debug_ranges  0x0000000000000150       0xd0 Drivers/STM32F1xx_HAL_Driver/Src/stm32f1xx_hal.o
 .debug_ranges  0x0000000000000220      0x128 Drivers/STM32F1xx_HAL_Driver/Src/stm32f1xx_hal_can.o
 .debug_ranges  0x0000000000000348       0xf0 Drivers/STM32F1xx_HAL_Driver/Src/stm32f1xx_hal_cortex.o
 .debug_ranges  0x0000000000000438       0x48 Drivers/STM32F1xx_HAL_Driver/Src/stm32f1xx_hal_gpio.o
 .debug_ranges  0x0000000000000480      0x128 Drivers/STM32F1xx_HAL_Driver/Src/stm32f1xx_hal_pcd.o
 .debug_ranges  0x00000000000005a8       0x28 Drivers/STM32F1xx_HAL_Driver/Src/stm32f1xx_hal_pcd_ex.o
 .debug_ranges  0x00000000000005d0       0x80 Drivers/STM32F1xx_HAL_Driver/Src/stm32f1xx_hal_rcc.o
 .debug_ranges  0x0000000000000650       0x20 Drivers/STM32F1xx_HAL_Driver/Src/stm32f1xx_hal_rcc_ex.o
 .debug_ranges  0x0000000000000670      0x3c0 Drivers/STM32F1xx_HAL_Driver/Src/stm32f1xx_hal_tim.o
 .debug_ranges  0x0000000000000a30      0x158 Drivers/STM32F1xx_HAL_Driver/Src/stm32f1xx_hal_tim_ex.o
 .debug_ranges  0x0000000000000b88       0xe0 Drivers/STM32F1xx_HAL_Driver/Src/stm32f1xx_ll_usb.o
 .debug_ranges  0x0000000000000c68       0x80 Middlewares/ST/STM32_USB_Device_Library/Class/CDC/Src/usbd_cdc.o
 .debug_ranges  0x0000000000000ce8       0xa8 Middlewares/ST/STM32_USB_Device_Library/Core/Src/usbd_core.o
 .debug_ranges  0x0000000000000d90       0x78 Middlewares/ST/STM32_USB_Device_Library/Core/Src/usbd_ctlreq.o
 .debug_ranges  0x0000000000000e08       0x40 Middlewares/ST/STM32_USB_Device_Library/Core/Src/usbd_ioreq.o
 .debug_ranges  0x0000000000000e48       0x10 USB_DEVICE/App/usb_device.o
 .debug_ranges  0x0000000000000e58       0x30 USB_DEVICE/App/usbd_cdc_if.o
 .debug_ranges  0x0000000000000e88       0x50 USB_DEVICE/App/usbd_desc.o
 .debug_ranges  0x0000000000000ed8      0x108 USB_DEVICE/Target/usbd_conf.o

.debug_macro    0x0000000000000000    0x1ad58
 .debug_macro   0x0000000000000000      0x1d1 Core/Src/Afficheur.o
 .debug_macro   0x00000000000001d1      0xa9c Core/Src/Afficheur.o
 .debug_macro   0x0000000000000c6d      0x221 Core/Src/Afficheur.o
 .debug_macro   0x0000000000000e8e       0x2e Core/Src/Afficheur.o
 .debug_macro   0x0000000000000ebc       0x22 Core/Src/Afficheur.o
 .debug_macro   0x0000000000000ede       0x22 Core/Src/Afficheur.o
 .debug_macro   0x0000000000000f00       0x8e Core/Src/Afficheur.o
 .debug_macro   0x0000000000000f8e       0x51 Core/Src/Afficheur.o
 .debug_macro   0x0000000000000fdf      0x103 Core/Src/Afficheur.o
 .debug_macro   0x00000000000010e2       0x6a Core/Src/Afficheur.o
 .debug_macro   0x000000000000114c      0x1df Core/Src/Afficheur.o
 .debug_macro   0x000000000000132b       0x1c Core/Src/Afficheur.o
 .debug_macro   0x0000000000001347       0x22 Core/Src/Afficheur.o
 .debug_macro   0x0000000000001369       0xc3 Core/Src/Afficheur.o
 .debug_macro   0x000000000000142c      0xd23 Core/Src/Afficheur.o
 .debug_macro   0x000000000000214f     0xe097 Core/Src/Afficheur.o
 .debug_macro   0x00000000000101e6       0x43 Core/Src/Afficheur.o
 .debug_macro   0x0000000000010229     0x3468 Core/Src/Afficheur.o
 .debug_macro   0x0000000000013691      0x174 Core/Src/Afficheur.o
 .debug_macro   0x0000000000013805       0x5c Core/Src/Afficheur.o
 .debug_macro   0x0000000000013861      0x5be Core/Src/Afficheur.o
 .debug_macro   0x0000000000013e1f      0x289 Core/Src/Afficheur.o
 .debug_macro   0x00000000000140a8      0x1cb Core/Src/Afficheur.o
 .debug_macro   0x0000000000014273      0x114 Core/Src/Afficheur.o
 .debug_macro   0x0000000000014387      0x1b2 Core/Src/Afficheur.o
 .debug_macro   0x0000000000014539       0x27 Core/Src/Afficheur.o
 .debug_macro   0x0000000000014560      0x136 Core/Src/Afficheur.o
 .debug_macro   0x0000000000014696      0x1bc Core/Src/Afficheur.o
 .debug_macro   0x0000000000014852       0x34 Core/Src/Afficheur.o
 .debug_macro   0x0000000000014886       0x3c Core/Src/Afficheur.o
 .debug_macro   0x00000000000148c2      0x408 Core/Src/Afficheur.o
 .debug_macro   0x0000000000014cca       0x57 Core/Src/Afficheur.o
 .debug_macro   0x0000000000014d21       0x88 Core/Src/Afficheur.o
 .debug_macro   0x0000000000014da9      0x241 Core/Src/Afficheur.o
 .debug_macro   0x0000000000014fea      0x141 Core/Src/Afficheur.o
 .debug_macro   0x000000000001512b      0x8d1 Core/Src/Afficheur.o
 .debug_macro   0x00000000000159fc       0x65 Core/Src/Afficheur.o
 .debug_macro   0x0000000000015a61      0x249 Core/Src/Afficheur.o
 .debug_macro   0x0000000000015caa       0x83 Core/Src/Afficheur.o
 .debug_macro   0x0000000000015d2d      0x3cb Core/Src/main.o
 .debug_macro   0x00000000000160f8       0x10 Core/Src/main.o
 .debug_macro   0x0000000000016108       0x52 Core/Src/main.o
 .debug_macro   0x000000000001615a       0x18 Core/Src/main.o
 .debug_macro   0x0000000000016172       0x3c Core/Src/main.o
 .debug_macro   0x00000000000161ae       0x34 Core/Src/main.o
 .debug_macro   0x00000000000161e2       0x16 Core/Src/main.o
 .debug_macro   0x00000000000161f8       0x35 Core/Src/main.o
 .debug_macro   0x000000000001622d      0x333 Core/Src/main.o
 .debug_macro   0x0000000000016560       0x10 Core/Src/main.o
 .debug_macro   0x0000000000016570       0x16 Core/Src/main.o
 .debug_macro   0x0000000000016586       0x43 Core/Src/main.o
 .debug_macro   0x00000000000165c9       0x34 Core/Src/main.o
 .debug_macro   0x00000000000165fd       0x10 Core/Src/main.o
 .debug_macro   0x000000000001660d       0x58 Core/Src/main.o
 .debug_macro   0x0000000000016665       0x71 Core/Src/main.o
 .debug_macro   0x00000000000166d6       0x1c Core/Src/main.o
 .debug_macro   0x00000000000166f2      0x12a Core/Src/main.o
 .debug_macro   0x000000000001681c       0x10 Core/Src/main.o
 .debug_macro   0x000000000001682c       0x1c Core/Src/main.o
 .debug_macro   0x0000000000016848       0x52 Core/Src/main.o
 .debug_macro   0x000000000001689a       0x22 Core/Src/main.o
 .debug_macro   0x00000000000168bc       0x10 Core/Src/main.o
 .debug_macro   0x00000000000168cc       0x40 Core/Src/main.o
 .debug_macro   0x000000000001690c       0xd5 Core/Src/main.o
 .debug_macro   0x00000000000169e1       0x1c Core/Src/main.o
 .debug_macro   0x00000000000169fd       0x3d Core/Src/main.o
 .debug_macro   0x0000000000016a3a       0x16 Core/Src/main.o
 .debug_macro   0x0000000000016a50      0x145 Core/Src/main.o
 .debug_macro   0x0000000000016b95       0x16 Core/Src/main.o
 .debug_macro   0x0000000000016bab       0x16 Core/Src/main.o
 .debug_macro   0x0000000000016bc1       0x29 Core/Src/main.o
 .debug_macro   0x0000000000016bea       0x16 Core/Src/main.o
 .debug_macro   0x0000000000016c00       0x20 Core/Src/main.o
 .debug_macro   0x0000000000016c20       0x60 Core/Src/main.o
 .debug_macro   0x0000000000016c80      0x1c8 Core/Src/main.o
 .debug_macro   0x0000000000016e48      0x1e0 Core/Src/stm32f1xx_hal_msp.o
 .debug_macro   0x0000000000017028      0x1ea Core/Src/stm32f1xx_it.o
 .debug_macro   0x0000000000017212      0x1c7 Core/Src/system_stm32f1xx.o
 .debug_macro   0x00000000000173d9      0x1eb Drivers/STM32F1xx_HAL_Driver/Src/stm32f1xx_hal.o
 .debug_macro   0x00000000000175c4      0x1cf Drivers/STM32F1xx_HAL_Driver/Src/stm32f1xx_hal_can.o
 .debug_macro   0x0000000000017793      0x1c7 Drivers/STM32F1xx_HAL_Driver/Src/stm32f1xx_hal_cortex.o
 .debug_macro   0x000000000001795a      0x232 Drivers/STM32F1xx_HAL_Driver/Src/stm32f1xx_hal_gpio.o
 .debug_macro   0x0000000000017b8c      0x1d3 Drivers/STM32F1xx_HAL_Driver/Src/stm32f1xx_hal_pcd.o
 .debug_macro   0x0000000000017d5f      0x1c7 Drivers/STM32F1xx_HAL_Driver/Src/stm32f1xx_hal_pcd_ex.o
 .debug_macro   0x0000000000017f26      0x1d9 Drivers/STM32F1xx_HAL_Driver/Src/stm32f1xx_hal_rcc.o
 .debug_macro   0x00000000000180ff      0x1c7 Drivers/STM32F1xx_HAL_Driver/Src/stm32f1xx_hal_rcc_ex.o
 .debug_macro   0x00000000000182c6      0x1c8 Drivers/STM32F1xx_HAL_Driver/Src/stm32f1xx_hal_tim.o
 .debug_macro   0x000000000001848e      0x1c7 Drivers/STM32F1xx_HAL_Driver/Src/stm32f1xx_hal_tim_ex.o
 .debug_macro   0x0000000000018655      0x1c7 Drivers/STM32F1xx_HAL_Driver/Src/stm32f1xx_ll_usb.o
 .debug_macro   0x000000000001881c      0x3f6 Middlewares/ST/STM32_USB_Device_Library/Class/CDC/Src/usbd_cdc.o
 .debug_macro   0x0000000000018c12       0x97 Middlewares/ST/STM32_USB_Device_Library/Class/CDC/Src/usbd_cdc.o
 .debug_macro   0x0000000000018ca9       0xfd Middlewares/ST/STM32_USB_Device_Library/Class/CDC/Src/usbd_cdc.o
 .debug_macro   0x0000000000018da6       0xbd Middlewares/ST/STM32_USB_Device_Library/Class/CDC/Src/usbd_cdc.o
 .debug_macro   0x0000000000018e63       0x56 Middlewares/ST/STM32_USB_Device_Library/Class/CDC/Src/usbd_cdc.o
 .debug_macro   0x0000000000018eb9       0x8f Middlewares/ST/STM32_USB_Device_Library/Class/CDC/Src/usbd_cdc.o
 .debug_macro   0x0000000000018f48      0x3dd Middlewares/ST/STM32_USB_Device_Library/Core/Src/usbd_core.o
 .debug_macro   0x0000000000019325      0x1ce Middlewares/ST/STM32_USB_Device_Library/Core/Src/usbd_core.o
 .debug_macro   0x00000000000194f3      0x3e7 Middlewares/ST/STM32_USB_Device_Library/Core/Src/usbd_ctlreq.o
 .debug_macro   0x00000000000198da      0x3e3 Middlewares/ST/STM32_USB_Device_Library/Core/Src/usbd_ioreq.o
 .debug_macro   0x0000000000019cbd      0x41c USB_DEVICE/App/usb_device.o
 .debug_macro   0x000000000001a0d9       0x22 USB_DEVICE/App/usb_device.o
 .debug_macro   0x000000000001a0fb       0x16 USB_DEVICE/App/usb_device.o
 .debug_macro   0x000000000001a111      0x401 USB_DEVICE/App/usbd_cdc_if.o
 .debug_macro   0x000000000001a512       0x10 USB_DEVICE/App/usbd_cdc_if.o
 .debug_macro   0x000000000001a522      0x41a USB_DEVICE/App/usbd_desc.o
 .debug_macro   0x000000000001a93c       0x1c USB_DEVICE/App/usbd_desc.o
 .debug_macro   0x000000000001a958      0x400 USB_DEVICE/Target/usbd_conf.o

.debug_line     0x0000000000000000    0x14b73
 .debug_line    0x0000000000000000      0x7bf Core/Src/Afficheur.o
 .debug_line    0x00000000000007bf      0xc3e Core/Src/main.o
 .debug_line    0x00000000000013fd      0x764 Core/Src/stm32f1xx_hal_msp.o
 .debug_line    0x0000000000001b61      0x7ad Core/Src/stm32f1xx_it.o
 .debug_line    0x000000000000230e      0x741 Core/Src/system_stm32f1xx.o
 .debug_line    0x0000000000002a4f       0x84 Core/Startup/startup_stm32f103c8tx.o
 .debug_line    0x0000000000002ad3      0x96e Drivers/STM32F1xx_HAL_Driver/Src/stm32f1xx_hal.o
 .debug_line    0x0000000000003441     0x110f Drivers/STM32F1xx_HAL_Driver/Src/stm32f1xx_hal_can.o
 .debug_line    0x0000000000004550      0xb56 Drivers/STM32F1xx_HAL_Driver/Src/stm32f1xx_hal_cortex.o
 .debug_line    0x00000000000050a6      0xa05 Drivers/STM32F1xx_HAL_Driver/Src/stm32f1xx_hal_gpio.o
 .debug_line    0x0000000000005aab     0x12ed Drivers/STM32F1xx_HAL_Driver/Src/stm32f1xx_hal_pcd.o
 .debug_line    0x0000000000006d98      0x73c Drivers/STM32F1xx_HAL_Driver/Src/stm32f1xx_hal_pcd_ex.o
 .debug_line    0x00000000000074d4      0xd7c Drivers/STM32F1xx_HAL_Driver/Src/stm32f1xx_hal_rcc.o
 .debug_line    0x0000000000008250      0x8ba Drivers/STM32F1xx_HAL_Driver/Src/stm32f1xx_hal_rcc_ex.o
 .debug_line    0x0000000000008b0a     0x3316 Drivers/STM32F1xx_HAL_Driver/Src/stm32f1xx_hal_tim.o
 .debug_line    0x000000000000be20     0x1a14 Drivers/STM32F1xx_HAL_Driver/Src/stm32f1xx_hal_tim_ex.o
 .debug_line    0x000000000000d834      0xfc3 Drivers/STM32F1xx_HAL_Driver/Src/stm32f1xx_ll_usb.o
 .debug_line    0x000000000000e7f7      0xd5f Middlewares/ST/STM32_USB_Device_Library/Class/CDC/Src/usbd_cdc.o
 .debug_line    0x000000000000f556      0xddf Middlewares/ST/STM32_USB_Device_Library/Core/Src/usbd_core.o
 .debug_line    0x0000000000010335      0xffe Middlewares/ST/STM32_USB_Device_Library/Core/Src/usbd_ctlreq.o
 .debug_line    0x0000000000011333      0xa75 Middlewares/ST/STM32_USB_Device_Library/Core/Src/usbd_ioreq.o
 .debug_line    0x0000000000011da8      0xa35 USB_DEVICE/App/usb_device.o
 .debug_line    0x00000000000127dd      0xa7d USB_DEVICE/App/usbd_cdc_if.o
 .debug_line    0x000000000001325a      0xafe USB_DEVICE/App/usbd_desc.o
 .debug_line    0x0000000000013d58      0xe1b USB_DEVICE/Target/usbd_conf.o

.debug_str      0x0000000000000000    0x8f5e4
 .debug_str     0x0000000000000000    0x85b82 Core/Src/Afficheur.o
                                      0x85eca (size before relaxing)
 .debug_str     0x0000000000085b82     0x5510 Core/Src/main.o
                                      0x8b54f (size before relaxing)
 .debug_str     0x000000000008b092      0x30c Core/Src/stm32f1xx_hal_msp.o
                                      0x869b0 (size before relaxing)
 .debug_str     0x000000000008b39e      0x37c Core/Src/stm32f1xx_it.o
                                      0x864f8 (size before relaxing)
 .debug_str     0x000000000008b71a       0x52 Core/Src/system_stm32f1xx.o
                                      0x85ec5 (size before relaxing)
 .debug_str     0x000000000008b76c       0x36 Core/Startup/startup_stm32f103c8tx.o
                                         0x92 (size before relaxing)
 .debug_str     0x000000000008b7a2      0x2fa Drivers/STM32F1xx_HAL_Driver/Src/stm32f1xx_hal.o
                                      0x86556 (size before relaxing)
 .debug_str     0x000000000008ba9c      0x56e Drivers/STM32F1xx_HAL_Driver/Src/stm32f1xx_hal_can.o
                                      0x866e5 (size before relaxing)
 .debug_str     0x000000000008c00a      0x2d8 Drivers/STM32F1xx_HAL_Driver/Src/stm32f1xx_hal_cortex.o
                                      0x8655e (size before relaxing)
 .debug_str     0x000000000008c2e2      0x315 Drivers/STM32F1xx_HAL_Driver/Src/stm32f1xx_hal_gpio.o
                                      0x86289 (size before relaxing)
 .debug_str     0x000000000008c5f7      0x3e5 Drivers/STM32F1xx_HAL_Driver/Src/stm32f1xx_hal_pcd.o
                                      0x86618 (size before relaxing)
 .debug_str     0x000000000008c9dc      0x18d Drivers/STM32F1xx_HAL_Driver/Src/stm32f1xx_hal_pcd_ex.o
                                      0x86365 (size before relaxing)
 .debug_str     0x000000000008cb69      0x24f Drivers/STM32F1xx_HAL_Driver/Src/stm32f1xx_hal_rcc.o
                                      0x862c2 (size before relaxing)
 .debug_str     0x000000000008cdb8       0xb9 Drivers/STM32F1xx_HAL_Driver/Src/stm32f1xx_hal_rcc_ex.o
                                      0x8604f (size before relaxing)
 .debug_str     0x000000000008ce71      0xde3 Drivers/STM32F1xx_HAL_Driver/Src/stm32f1xx_hal_tim.o
                                      0x87294 (size before relaxing)
 .debug_str     0x000000000008dc54      0x517 Drivers/STM32F1xx_HAL_Driver/Src/stm32f1xx_hal_tim_ex.o
                                      0x86a6e (size before relaxing)
 .debug_str     0x000000000008e16b      0x2a7 Drivers/STM32F1xx_HAL_Driver/Src/stm32f1xx_ll_usb.o
                                      0x86398 (size before relaxing)
 .debug_str     0x000000000008e412      0x8d9 Middlewares/ST/STM32_USB_Device_Library/Class/CDC/Src/usbd_cdc.o
                                      0x8b706 (size before relaxing)
 .debug_str     0x000000000008eceb      0x1b5 Middlewares/ST/STM32_USB_Device_Library/Core/Src/usbd_core.o
                                      0x8b001 (size before relaxing)
 .debug_str     0x000000000008eea0      0x134 Middlewares/ST/STM32_USB_Device_Library/Core/Src/usbd_ctlreq.o
                                      0x8af87 (size before relaxing)
 .debug_str     0x000000000008efd4       0xc9 Middlewares/ST/STM32_USB_Device_Library/Core/Src/usbd_ioreq.o
                                      0x8af0f (size before relaxing)
 .debug_str     0x000000000008f09d      0x118 USB_DEVICE/App/usb_device.o
                                      0x8b276 (size before relaxing)
 .debug_str     0x000000000008f1b5       0x86 USB_DEVICE/App/usbd_cdc_if.o
                                      0x8b2ae (size before relaxing)
 .debug_str     0x000000000008f23b      0x255 USB_DEVICE/App/usbd_desc.o
                                      0x8ae77 (size before relaxing)
 .debug_str     0x000000000008f490      0x154 USB_DEVICE/Target/usbd_conf.o
                                      0x8bb2c (size before relaxing)

.comment        0x0000000000000000       0x53
 .comment       0x0000000000000000       0x53 Core/Src/Afficheur.o
                                         0x54 (size before relaxing)
 .comment       0x0000000000000053       0x54 Core/Src/main.o
 .comment       0x0000000000000053       0x54 Core/Src/stm32f1xx_hal_msp.o
 .comment       0x0000000000000053       0x54 Core/Src/stm32f1xx_it.o
 .comment       0x0000000000000053       0x54 Core/Src/system_stm32f1xx.o
 .comment       0x0000000000000053       0x54 Drivers/STM32F1xx_HAL_Driver/Src/stm32f1xx_hal.o
 .comment       0x0000000000000053       0x54 Drivers/STM32F1xx_HAL_Driver/Src/stm32f1xx_hal_can.o
 .comment       0x0000000000000053       0x54 Drivers/STM32F1xx_HAL_Driver/Src/stm32f1xx_hal_cortex.o
 .comment       0x0000000000000053       0x54 Drivers/STM32F1xx_HAL_Driver/Src/stm32f1xx_hal_gpio.o
 .comment       0x0000000000000053       0x54 Drivers/STM32F1xx_HAL_Driver/Src/stm32f1xx_hal_pcd.o
 .comment       0x0000000000000053       0x54 Drivers/STM32F1xx_HAL_Driver/Src/stm32f1xx_hal_pcd_ex.o
 .comment       0x0000000000000053       0x54 Drivers/STM32F1xx_HAL_Driver/Src/stm32f1xx_hal_rcc.o
 .comment       0x0000000000000053       0x54 Drivers/STM32F1xx_HAL_Driver/Src/stm32f1xx_hal_rcc_ex.o
 .comment       0x0000000000000053       0x54 Drivers/STM32F1xx_HAL_Driver/Src/stm32f1xx_hal_tim.o
 .comment       0x0000000000000053       0x54 Drivers/STM32F1xx_HAL_Driver/Src/stm32f1xx_hal_tim_ex.o
 .comment       0x0000000000000053       0x54 Drivers/STM32F1xx_HAL_Driver/Src/stm32f1xx_ll_usb.o
 .comment       0x0000000000000053       0x54 Middlewares/ST/STM32_USB_Device_Library/Class/CDC/Src/usbd_cdc.o
 .comment       0x0000000000000053       0x54 Middlewares/ST/STM32_USB_Device_Library/Core/Src/usbd_core.o
 .comment       0x0000000000000053       0x54 Middlewares/ST/STM32_USB_Device_Library/Core/Src/usbd_ctlreq.o
 .comment       0x0000000000000053       0x54 Middlewares/ST/STM32_USB_Device_Library/Core/Src/usbd_ioreq.o
 .comment       0x0000000000000053       0x54 USB_DEVICE/App/usb_device.o
 .comment       0x0000000000000053       0x54 USB_DEVICE/App/usbd_cdc_if.o
 .comment       0x0000000000000053       0x54 USB_DEVICE/App/usbd_desc.o
 .comment       0x0000000000000053       0x54 USB_DEVICE/Target/usbd_conf.o

.debug_frame    0x0000000000000000     0x4780
 .debug_frame   0x0000000000000000       0xa0 Core/Src/Afficheur.o
 .debug_frame   0x00000000000000a0      0x1a0 Core/Src/main.o
 .debug_frame   0x0000000000000240       0xd0 Core/Src/stm32f1xx_hal_msp.o
 .debug_frame   0x0000000000000310      0x120 Core/Src/stm32f1xx_it.o
 .debug_frame   0x0000000000000430       0x58 Core/Src/system_stm32f1xx.o
 .debug_frame   0x0000000000000488      0x334 Drivers/STM32F1xx_HAL_Driver/Src/stm32f1xx_hal.o
 .debug_frame   0x00000000000007bc      0x5a0 Drivers/STM32F1xx_HAL_Driver/Src/stm32f1xx_hal_can.o
 .debug_frame   0x0000000000000d5c      0x428 Drivers/STM32F1xx_HAL_Driver/Src/stm32f1xx_hal_cortex.o
 .debug_frame   0x0000000000001184      0x14c Drivers/STM32F1xx_HAL_Driver/Src/stm32f1xx_hal_gpio.o
 .debug_frame   0x00000000000012d0      0x578 Drivers/STM32F1xx_HAL_Driver/Src/stm32f1xx_hal_pcd.o
 .debug_frame   0x0000000000001848       0xb0 Drivers/STM32F1xx_HAL_Driver/Src/stm32f1xx_hal_pcd_ex.o
 .debug_frame   0x00000000000018f8      0x21c Drivers/STM32F1xx_HAL_Driver/Src/stm32f1xx_hal_rcc.o
 .debug_frame   0x0000000000001b14       0x84 Drivers/STM32F1xx_HAL_Driver/Src/stm32f1xx_hal_rcc_ex.o
 .debug_frame   0x0000000000001b98     0x11b8 Drivers/STM32F1xx_HAL_Driver/Src/stm32f1xx_hal_tim.o
 .debug_frame   0x0000000000002d50      0x638 Drivers/STM32F1xx_HAL_Driver/Src/stm32f1xx_hal_tim_ex.o
 .debug_frame   0x0000000000003388      0x450 Drivers/STM32F1xx_HAL_Driver/Src/stm32f1xx_ll_usb.o
 .debug_frame   0x00000000000037d8      0x248 Middlewares/ST/STM32_USB_Device_Library/Class/CDC/Src/usbd_cdc.o
 .debug_frame   0x0000000000003a20      0x300 Middlewares/ST/STM32_USB_Device_Library/Core/Src/usbd_core.o
 .debug_frame   0x0000000000003d20      0x218 Middlewares/ST/STM32_USB_Device_Library/Core/Src/usbd_ctlreq.o
 .debug_frame   0x0000000000003f38      0x10c Middlewares/ST/STM32_USB_Device_Library/Core/Src/usbd_ioreq.o
 .debug_frame   0x0000000000004044       0x2c USB_DEVICE/App/usb_device.o
 .debug_frame   0x0000000000004070       0xbc USB_DEVICE/App/usbd_cdc_if.o
 .debug_frame   0x000000000000412c      0x160 USB_DEVICE/App/usbd_desc.o
 .debug_frame   0x000000000000428c      0x4a8 USB_DEVICE/Target/usbd_conf.o
 .debug_frame   0x0000000000004734       0x2c c:/st/stm32cubeide_1.6.1/stm32cubeide/plugins/com.st.stm32cube.ide.mcu.externaltools.gnu-tools-for-stm32.9-2020-q2-update.win32_1.5.0.202011040924/tools/bin/../lib/gcc/arm-none-eabi/9.3.1/../../../../arm-none-eabi/lib/thumb/v7-m/nofp\libc_nano.a(lib_a-init.o)
 .debug_frame   0x0000000000004760       0x20 c:/st/stm32cubeide_1.6.1/stm32cubeide/plugins/com.st.stm32cube.ide.mcu.externaltools.gnu-tools-for-stm32.9-2020-q2-update.win32_1.5.0.202011040924/tools/bin/../lib/gcc/arm-none-eabi/9.3.1/../../../../arm-none-eabi/lib/thumb/v7-m/nofp\libc_nano.a(lib_a-memset.o)
